Archive member included to satisfy reference by file (symbol)

C:/ST/STM32CubeIDE_1.13.0/STM32CubeIDE/plugins/com.st.stm32cube.ide.mcu.externaltools.gnu-tools-for-stm32.11.3.rel1.win32_1.1.0.202305231506/tools/bin/../lib/gcc/arm-none-eabi/11.3.1/../../../../arm-none-eabi/lib/thumb/v7e-m+fp/hard\libc_nano.a(libc_a-exit.o)
                              C:/ST/STM32CubeIDE_1.13.0/STM32CubeIDE/plugins/com.st.stm32cube.ide.mcu.externaltools.gnu-tools-for-stm32.11.3.rel1.win32_1.1.0.202305231506/tools/bin/../lib/gcc/arm-none-eabi/11.3.1/../../../../arm-none-eabi/lib/thumb/v7e-m+fp/hard/crt0.o (exit)
C:/ST/STM32CubeIDE_1.13.0/STM32CubeIDE/plugins/com.st.stm32cube.ide.mcu.externaltools.gnu-tools-for-stm32.11.3.rel1.win32_1.1.0.202305231506/tools/bin/../lib/gcc/arm-none-eabi/11.3.1/../../../../arm-none-eabi/lib/thumb/v7e-m+fp/hard\libc_nano.a(libc_a-findfp.o)
                              C:/ST/STM32CubeIDE_1.13.0/STM32CubeIDE/plugins/com.st.stm32cube.ide.mcu.externaltools.gnu-tools-for-stm32.11.3.rel1.win32_1.1.0.202305231506/tools/bin/../lib/gcc/arm-none-eabi/11.3.1/../../../../arm-none-eabi/lib/thumb/v7e-m+fp/hard\libc_nano.a(libc_a-exit.o) (__stdio_exit_handler)
C:/ST/STM32CubeIDE_1.13.0/STM32CubeIDE/plugins/com.st.stm32cube.ide.mcu.externaltools.gnu-tools-for-stm32.11.3.rel1.win32_1.1.0.202305231506/tools/bin/../lib/gcc/arm-none-eabi/11.3.1/../../../../arm-none-eabi/lib/thumb/v7e-m+fp/hard\libc_nano.a(libc_a-fwalk.o)
                              C:/ST/STM32CubeIDE_1.13.0/STM32CubeIDE/plugins/com.st.stm32cube.ide.mcu.externaltools.gnu-tools-for-stm32.11.3.rel1.win32_1.1.0.202305231506/tools/bin/../lib/gcc/arm-none-eabi/11.3.1/../../../../arm-none-eabi/lib/thumb/v7e-m+fp/hard\libc_nano.a(libc_a-findfp.o) (_fwalk_sglue)
C:/ST/STM32CubeIDE_1.13.0/STM32CubeIDE/plugins/com.st.stm32cube.ide.mcu.externaltools.gnu-tools-for-stm32.11.3.rel1.win32_1.1.0.202305231506/tools/bin/../lib/gcc/arm-none-eabi/11.3.1/../../../../arm-none-eabi/lib/thumb/v7e-m+fp/hard\libc_nano.a(libc_a-stdio.o)
                              C:/ST/STM32CubeIDE_1.13.0/STM32CubeIDE/plugins/com.st.stm32cube.ide.mcu.externaltools.gnu-tools-for-stm32.11.3.rel1.win32_1.1.0.202305231506/tools/bin/../lib/gcc/arm-none-eabi/11.3.1/../../../../arm-none-eabi/lib/thumb/v7e-m+fp/hard\libc_nano.a(libc_a-findfp.o) (__sread)
C:/ST/STM32CubeIDE_1.13.0/STM32CubeIDE/plugins/com.st.stm32cube.ide.mcu.externaltools.gnu-tools-for-stm32.11.3.rel1.win32_1.1.0.202305231506/tools/bin/../lib/gcc/arm-none-eabi/11.3.1/../../../../arm-none-eabi/lib/thumb/v7e-m+fp/hard\libc_nano.a(libc_a-memset.o)
                              C:/ST/STM32CubeIDE_1.13.0/STM32CubeIDE/plugins/com.st.stm32cube.ide.mcu.externaltools.gnu-tools-for-stm32.11.3.rel1.win32_1.1.0.202305231506/tools/bin/../lib/gcc/arm-none-eabi/11.3.1/../../../../arm-none-eabi/lib/thumb/v7e-m+fp/hard/crt0.o (memset)
C:/ST/STM32CubeIDE_1.13.0/STM32CubeIDE/plugins/com.st.stm32cube.ide.mcu.externaltools.gnu-tools-for-stm32.11.3.rel1.win32_1.1.0.202305231506/tools/bin/../lib/gcc/arm-none-eabi/11.3.1/../../../../arm-none-eabi/lib/thumb/v7e-m+fp/hard\libc_nano.a(libc_a-closer.o)
                              C:/ST/STM32CubeIDE_1.13.0/STM32CubeIDE/plugins/com.st.stm32cube.ide.mcu.externaltools.gnu-tools-for-stm32.11.3.rel1.win32_1.1.0.202305231506/tools/bin/../lib/gcc/arm-none-eabi/11.3.1/../../../../arm-none-eabi/lib/thumb/v7e-m+fp/hard\libc_nano.a(libc_a-stdio.o) (_close_r)
C:/ST/STM32CubeIDE_1.13.0/STM32CubeIDE/plugins/com.st.stm32cube.ide.mcu.externaltools.gnu-tools-for-stm32.11.3.rel1.win32_1.1.0.202305231506/tools/bin/../lib/gcc/arm-none-eabi/11.3.1/../../../../arm-none-eabi/lib/thumb/v7e-m+fp/hard\libc_nano.a(libc_a-reent.o)
                              C:/ST/STM32CubeIDE_1.13.0/STM32CubeIDE/plugins/com.st.stm32cube.ide.mcu.externaltools.gnu-tools-for-stm32.11.3.rel1.win32_1.1.0.202305231506/tools/bin/../lib/gcc/arm-none-eabi/11.3.1/../../../../arm-none-eabi/lib/thumb/v7e-m+fp/hard\libc_nano.a(libc_a-closer.o) (errno)
C:/ST/STM32CubeIDE_1.13.0/STM32CubeIDE/plugins/com.st.stm32cube.ide.mcu.externaltools.gnu-tools-for-stm32.11.3.rel1.win32_1.1.0.202305231506/tools/bin/../lib/gcc/arm-none-eabi/11.3.1/../../../../arm-none-eabi/lib/thumb/v7e-m+fp/hard\libc_nano.a(libc_a-impure.o)
                              C:/ST/STM32CubeIDE_1.13.0/STM32CubeIDE/plugins/com.st.stm32cube.ide.mcu.externaltools.gnu-tools-for-stm32.11.3.rel1.win32_1.1.0.202305231506/tools/bin/../lib/gcc/arm-none-eabi/11.3.1/../../../../arm-none-eabi/lib/thumb/v7e-m+fp/hard\libc_nano.a(libc_a-reent.o) (_impure_ptr)
C:/ST/STM32CubeIDE_1.13.0/STM32CubeIDE/plugins/com.st.stm32cube.ide.mcu.externaltools.gnu-tools-for-stm32.11.3.rel1.win32_1.1.0.202305231506/tools/bin/../lib/gcc/arm-none-eabi/11.3.1/../../../../arm-none-eabi/lib/thumb/v7e-m+fp/hard\libc_nano.a(libc_a-lseekr.o)
[...]
Memory Configuration

Name             Origin             Length             Attributes
RAM              0x0000000020000000 0x0000000000020000 xrw
FLASH            0x0000000008000000 0x0000000000080000 xr
*default*        0x0000000000000000 0xffffffffffffffff

Linker script and memory map

LOAD C:/ST/STM32CubeIDE_1.13.0/STM32CubeIDE/plugins/com.st.stm32cube.ide.mcu.externaltools.gnu-tools-for-stm32.11.3.rel1.win32_1.1.0.202305231506/tools/bin/../lib/gcc/arm-none-eabi/11.3.1/thumb/v7e-m+fp/hard/crti.o
LOAD C:/ST/STM32CubeIDE_1.13.0/STM32CubeIDE/plugins/com.st.stm32cube.ide.mcu.externaltools.gnu-tools-for-stm32.11.3.rel1.win32_1.1.0.202305231506/tools/bin/../lib/gcc/arm-none-eabi/11.3.1/thumb/v7e-m+fp/hard/crtbegin.o
LOAD C:/ST/STM32CubeIDE_1.13.0/STM32CubeIDE/plugins/com.st.stm32cube.ide.mcu.externaltools.gnu-tools-for-stm32.11.3.rel1.win32_1.1.0.202305231506/tools/bin/../lib/gcc/arm-none-eabi/11.3.1/../../../../arm-none-eabi/lib/thumb/v7e-m+fp/hard/crt0.o
LOAD ./Core/Src/gpio.o
LOAD ./Core/Src/main.o
LOAD ./Core/Src/stm32f4xx_hal_msp.o
LOAD ./Core/Src/stm32f4xx_hal_timebase_tim.o
LOAD ./Core/Src/stm32f4xx_it.o
LOAD ./Core/Src/syscalls.o
LOAD ./Core/Src/sysmem.o
LOAD ./Core/Src/system_stm32f4xx.o
LOAD ./Core/Src/tim.o
LOAD ./Core/Src/usart.o
LOAD ./Core/Startup/startup_stm32f446retx.o
LOAD ./Drivers/STM32F4xx_HAL_Driver/stm32f4xx_hal.o
LOAD ./Drivers/STM32F4xx_HAL_Driver/stm32f4xx_hal_cortex.o
LOAD ./Drivers/STM32F4xx_HAL_Driver/stm32f4xx_hal_dma.o
LOAD ./Drivers/STM32F4xx_HAL_Driver/stm32f4xx_hal_dma_ex.o
LOAD ./Drivers/STM32F4xx_HAL_Driver/stm32f4xx_hal_exti.o
LOAD ./Drivers/STM32F4xx_HAL_Driver/stm32f4xx_hal_flash.o
LOAD ./Drivers/STM32F4xx_HAL_Driver/stm32f4xx_hal_flash_ex.o
LOAD ./Drivers/STM32F4xx_HAL_Driver/stm32f4xx_hal_flash_ramfunc.o
LOAD ./Drivers/STM32F4xx_HAL_Driver/stm32f4xx_hal_gpio.o
LOAD ./Drivers/STM32F4xx_HAL_Driver/stm32f4xx_hal_pwr.o
LOAD ./Drivers/STM32F4xx_HAL_Driver/stm32f4xx_hal_pwr_ex.o
LOAD ./Drivers/STM32F4xx_HAL_Driver/stm32f4xx_hal_rcc.o
LOAD ./Drivers/STM32F4xx_HAL_Driver/stm32f4xx_hal_rcc_ex.o
LOAD ./Drivers/STM32F4xx_HAL_Driver/stm32f4xx_hal_tim.o
LOAD ./Drivers/STM32F4xx_HAL_Driver/stm32f4xx_hal_tim_ex.o
LOAD ./Drivers/STM32F4xx_HAL_Driver/stm32f4xx_hal_uart.o
LOAD ./ThirdParty/FreeRTOS/croutine.o
LOAD ./ThirdParty/FreeRTOS/event_groups.o
LOAD ./ThirdParty/FreeRTOS/list.o
LOAD ./ThirdParty/FreeRTOS/queue.o
LOAD ./ThirdParty/FreeRTOS/stream_buffer.o
LOAD ./ThirdParty/FreeRTOS/tasks.o
LOAD ./ThirdParty/FreeRTOS/timers.o
LOAD ./ThirdParty/FreeRTOS/portable/GCC/ARM_CM4F/port.o
LOAD ./ThirdParty/FreeRTOS/portable/MemMang/heap_4.o
START GROUP
LOAD C:/ST/STM32CubeIDE_1.13.0/STM32CubeIDE/plugins/com.st.stm32cube.ide.mcu.externaltools.gnu-tools-for-stm32.11.3.rel1.win32_1.1.0.202305231506/tools/bin/../lib/gcc/arm-none-eabi/11.3.1/../../../../arm-none-eabi/lib/thumb/v7e-m+fp/hard\libc_nano.a
LOAD C:/ST/STM32CubeIDE_1.13.0/STM32CubeIDE/plugins/com.st.stm32cube.ide.mcu.externaltools.gnu-tools-for-stm32.11.3.rel1.win32_1.1.0.202305231506/tools/bin/../lib/gcc/arm-none-eabi/11.3.1/../../../../arm-none-eabi/lib/thumb/v7e-m+fp/hard\libm.a
END GROUP
START GROUP
LOAD C:/ST/STM32CubeIDE_1.13.0/STM32CubeIDE/plugins/com.st.stm32cube.ide.mcu.externaltools.gnu-tools-for-stm32.11.3.rel1.win32_1.1.0.202305231506/tools/bin/../lib/gcc/arm-none-eabi/11.3.1/thumb/v7e-m+fp/hard\libgcc.a
LOAD C:/ST/STM32CubeIDE_1.13.0/STM32CubeIDE/plugins/com.st.stm32cube.ide.mcu.externaltools.gnu-tools-for-stm32.11.3.rel1.win32_1.1.0.202305231506/tools/bin/../lib/gcc/arm-none-eabi/11.3.1/../../../../arm-none-eabi/lib/thumb/v7e-m+fp/hard\libc_nano.a
END GROUP
START GROUP
LOAD C:/ST/STM32CubeIDE_1.13.0/STM32CubeIDE/plugins/com.st.stm32cube.ide.mcu.externaltools.gnu-tools-for-stm32.11.3.rel1.win32_1.1.0.202305231506/tools/bin/../lib/gcc/arm-none-eabi/11.3.1/thumb/v7e-m+fp/hard\libgcc.a
LOAD C:/ST/STM32CubeIDE_1.13.0/STM32CubeIDE/plugins/com.st.stm32cube.ide.mcu.externaltools.gnu-tools-for-stm32.11.3.rel1.win32_1.1.0.202305231506/tools/bin/../lib/gcc/arm-none-eabi/11.3.1/../../../../arm-none-eabi/lib/thumb/v7e-m+fp/hard\libc_nano.a
LOAD C:/ST/STM32CubeIDE_1.13.0/STM32CubeIDE/plugins/com.st.stm32cube.ide.mcu.externaltools.gnu-tools-for-stm32.11.3.rel1.win32_1.1.0.202305231506/tools/bin/../lib/gcc/arm-none-eabi/11.3.1/../../../../arm-none-eabi/lib/thumb/v7e-m+fp/hard\libnosys.a
END GROUP
START GROUP
LOAD C:/ST/STM32CubeIDE_1.13.0/STM32CubeIDE/plugins/com.st.stm32cube.ide.mcu.externaltools.gnu-tools-for-stm32.11.3.rel1.win32_1.1.0.202305231506/tools/bin/../lib/gcc/arm-none-eabi/11.3.1/thumb/v7e-m+fp/hard\libgcc.a
LOAD C:/ST/STM32CubeIDE_1.13.0/STM32CubeIDE/plugins/com.st.stm32cube.ide.mcu.externaltools.gnu-tools-for-stm32.11.3.rel1.win32_1.1.0.202305231506/tools/bin/../lib/gcc/arm-none-eabi/11.3.1/../../../../arm-none-eabi/lib/thumb/v7e-m+fp/hard\libc_nano.a
LOAD C:/ST/STM32CubeIDE_1.13.0/STM32CubeIDE/plugins/com.st.stm32cube.ide.mcu.externaltools.gnu-tools-for-stm32.11.3.rel1.win32_1.1.0.202305231506/tools/bin/../lib/gcc/arm-none-eabi/11.3.1/../../../../arm-none-eabi/lib/thumb/v7e-m+fp/hard\libnosys.a
END GROUP
LOAD C:/ST/STM32CubeIDE_1.13.0/STM32CubeIDE/plugins/com.st.stm32cube.ide.mcu.externaltools.gnu-tools-for-stm32.11.3.rel1.win32_1.1.0.202305231506/tools/bin/../lib/gcc/arm-none-eabi/11.3.1/thumb/v7e-m+fp/hard/crtend.o
LOAD C:/ST/STM32CubeIDE_1.13.0/STM32CubeIDE/plugins/com.st.stm32cube.ide.mcu.externaltools.gnu-tools-for-stm32.11.3.rel1.win32_1.1.0.202305231506/tools/bin/../lib/gcc/arm-none-eabi/11.3.1/thumb/v7e-m+fp/hard/crtn.o
                0x0000000020020000                _estack = (ORIGIN (RAM) + LENGTH (RAM))
                0x0000000000000200                _Min_Heap_Size = 0x200
                0x0000000000000400                _Min_Stack_Size = 0x400

.isr_vector     0x0000000008000000      0x1c4
                0x0000000008000000                . = ALIGN (0x4)
 *(.isr_vector)
 .isr_vector    0x0000000008000000      0x1c4 ./Core/Startup/startup_stm32f446retx.o
                0x0000000008000000                g_pfnVectors
                0x00000000080001c4                . = ALIGN (0x4)

.text           0x00000000080001d0     0x8f20
                0x00000000080001d0                . = ALIGN (0x4)
 *(.text)
 .text          0x00000000080001d0       0x40 C:/ST/STM32CubeIDE_1.13.0/STM32CubeIDE/plugins/com.st.stm32cube.ide.mcu.externaltools.gnu-tools-for-stm32.11.3.rel1.win32_1.1.0.202305231506/tools/bin/../lib/gcc/arm-none-eabi/11.3.1/thumb/v7e-m+fp/hard/crtbegin.o
 .text          0x0000000008000210      0x378 C:/ST/STM32CubeIDE_1.13.0/STM32CubeIDE/plugins/com.st.stm32cube.ide.mcu.externaltools.gnu-tools-for-stm32.11.3.rel1.win32_1.1.0.202305231506/tools/bin/../lib/gcc/arm-none-eabi/11.3.1/thumb/v7e-m+fp/hard\libgcc.a(_arm_addsubdf3.o)
                0x0000000008000210                __aeabi_drsub
                0x0000000008000218                __aeabi_dsub
                0x0000000008000218                __subdf3
                0x000000000800021c                __aeabi_dadd
                0x000000000800021c                __adddf3
                0x0000000008000494                __floatunsidf
                0x0000000008000494                __aeabi_ui2d
                0x00000000080004b4                __floatsidf
                0x00000000080004b4                __aeabi_i2d
                0x00000000080004d8                __aeabi_f2d
                0x00000000080004d8                __extendsfdf2
                0x000000000800051c                __floatundidf
                0x000000000800051c                __aeabi_ul2d
                0x000000000800052c                __floatdidf
                0x000000000800052c                __aeabi_l2d
 .text          0x0000000008000588      0x424 C:/ST/STM32CubeIDE_1.13.0/STM32CubeIDE/plugins/com.st.stm32cube.ide.mcu.externaltools.gnu-tools-for-stm32.11.3.rel1.win32_1.1.0.202305231506/tools/bin/../lib/gcc/arm-none-eabi/11.3.1/thumb/v7e-m+fp/hard\libgcc.a(_arm_muldivdf3.o)
                0x0000000008000588                __aeabi_dmul
                0x0000000008000588                __muldf3
                0x00000000080007dc                __divdf3
                0x00000000080007dc                __aeabi_ddiv
 .text          0x00000000080009ac       0xa0 C:/ST/STM32CubeIDE_1.13.0/STM32CubeIDE/plugins/com.st.stm32cube.ide.mcu.externaltools.gnu-tools-for-stm32.11.3.rel1.win32_1.1.0.202305231506/tools/bin/../lib/gcc/arm-none-eabi/11.3.1/thumb/v7e-m+fp/hard\libgcc.a(_arm_truncdfsf2.o)
                0x00000000080009ac                __truncdfsf2
                0x00000000080009ac                __aeabi_d2f
 .text          0x0000000008000a4c       0x30 C:/ST/STM32CubeIDE_1.13.0/STM32CubeIDE/plugins/com.st.stm32cube.ide.mcu.externaltools.gnu-tools-for-stm32.11.3.rel1.win32_1.1.0.202305231506/tools/bin/../lib/gcc/arm-none-eabi/11.3.1/thumb/v7e-m+fp/hard\libgcc.a(_aeabi_uldivmod.o)
                0x0000000008000a4c                __aeabi_uldivmod
 .text          0x0000000008000a7c      0x2c8 C:/ST/STM32CubeIDE_1.13.0/STM32CubeIDE/plugins/com.st.stm32cube.ide.mcu.externaltools.gnu-tools-for-stm32.11.3.rel1.win32_1.1.0.202305231506/tools/bin/../lib/gcc/arm-none-eabi/11.3.1/thumb/v7e-m+fp/hard\libgcc.a(_udivmoddi4.o)
                0x0000000008000a7c                __udivmoddi4
 .text          0x0000000008000d44        0x4 C:/ST/STM32CubeIDE_1.13.0/STM32CubeIDE/plugins/com.st.stm32cube.ide.mcu.externaltools.gnu-tools-for-stm32.11.3.rel1.win32_1.1.0.202305231506/tools/bin/../lib/gcc/arm-none-eabi/11.3.1/thumb/v7e-m+fp/hard\libgcc.a(_dvmd_tls.o)
                0x0000000008000d44                __aeabi_idiv0
                0x0000000008000d44                __aeabi_ldiv0
 *(.text*)
 .text.MX_GPIO_Init
                0x0000000008000d48      0x134 ./Core/Src/gpio.o
                0x0000000008000d48                MX_GPIO_Init
 .text.main     0x0000000008000e7c      0x114 ./Core/Src/main.o
                0x0000000008000e7c                main
 .text.SystemClock_Config
                0x0000000008000f90       0xdc ./Core/Src/main.o
                0x0000000008000f90                SystemClock_Config
 *fill*         0x000000000800106c        0x4 
 .text.HAL_TIM_IC_CaptureCallback
                0x0000000008001070       0xc8 ./Core/Src/main.o
                0x0000000008001070                HAL_TIM_IC_CaptureCallback
 .text.motor_task
                0x0000000008001138      0x438 ./Core/Src/main.o
                0x0000000008001138                motor_task
 .text.autonomy_mode
                0x0000000008001570      0x2c8 ./Core/Src/main.o
                0x0000000008001570                autonomy_mode
 .text.led_blink
                0x0000000008001838      0x368 ./Core/Src/main.o
                0x0000000008001838                led_blink
 .text.HAL_UART_RxCpltCallback
                0x0000000008001ba0       0x64 ./Core/Src/main.o
                0x0000000008001ba0                HAL_UART_RxCpltCallback
 .text.HAL_TIM_PeriodElapsedCallback
                0x0000000008001c04       0x24 ./Core/Src/main.o
                0x0000000008001c04                HAL_TIM_PeriodElapsedCallback
 .text.Error_Handler
                0x0000000008001c28        0xa ./Core/Src/main.o
                0x0000000008001c28                Error_Handler
 *fill*         0x0000000008001c32        0x2 
 .text.HAL_MspInit
                0x0000000008001c34       0x50 ./Core/Src/stm32f4xx_hal_msp.o
                0x0000000008001c34                HAL_MspInit
 .text.HAL_InitTick
                0x0000000008001c84       0xe4 ./Core/Src/stm32f4xx_hal_timebase_tim.o
                0x0000000008001c84                HAL_InitTick
 .text.NMI_Handler
                0x0000000008001d68        0x6 ./Core/Src/stm32f4xx_it.o
                0x0000000008001d68                NMI_Handler
 .text.HardFault_Handler
                0x0000000008001d6e        0x6 ./Core/Src/stm32f4xx_it.o
                0x0000000008001d6e                HardFault_Handler
 .text.MemManage_Handler
                0x0000000008001d74        0x6 ./Core/Src/stm32f4xx_it.o
                0x0000000008001d74                MemManage_Handler
 .text.BusFault_Handler
                0x0000000008001d7a        0x6 ./Core/Src/stm32f4xx_it.o
                0x0000000008001d7a                BusFault_Handler
 .text.UsageFault_Handler
                0x0000000008001d80        0x6 ./Core/Src/stm32f4xx_it.o
                0x0000000008001d80                UsageFault_Handler
 .text.DebugMon_Handler
                0x0000000008001d86        0xe ./Core/Src/stm32f4xx_it.o
                0x0000000008001d86                DebugMon_Handler
 .text.TIM1_UP_TIM10_IRQHandler
                0x0000000008001d94       0x14 ./Core/Src/stm32f4xx_it.o
                0x0000000008001d94                TIM1_UP_TIM10_IRQHandler
 .text.TIM3_IRQHandler
                0x0000000008001da8       0x14 ./Core/Src/stm32f4xx_it.o
                0x0000000008001da8                TIM3_IRQHandler
 .text.USART1_IRQHandler
                0x0000000008001dbc       0x14 ./Core/Src/stm32f4xx_it.o
                0x0000000008001dbc                USART1_IRQHandler
 .text.SystemInit
                0x0000000008001dd0       0x24 ./Core/Src/system_stm32f4xx.o
                0x0000000008001dd0                SystemInit
 .text.MX_TIM2_Init
                0x0000000008001df4      0x12c ./Core/Src/tim.o
                0x0000000008001df4                MX_TIM2_Init
 .text.MX_TIM3_Init
                0x0000000008001f20       0xe0 ./Core/Src/tim.o
                0x0000000008001f20                MX_TIM3_Init
 .text.HAL_TIM_Base_MspInit
                0x0000000008002000       0xc8 ./Core/Src/tim.o
                0x0000000008002000                HAL_TIM_Base_MspInit
 .text.HAL_TIM_MspPostInit
                0x00000000080020c8       0xb0 ./Core/Src/tim.o
                0x00000000080020c8                HAL_TIM_MspPostInit
 .text.MX_USART1_UART_Init
                0x0000000008002178       0x58 ./Core/Src/usart.o
                0x0000000008002178                MX_USART1_UART_Init
 .text.MX_USART2_UART_Init
                0x00000000080021d0       0x54 ./Core/Src/usart.o
                0x00000000080021d0                MX_USART2_UART_Init
 .text.HAL_UART_MspInit
                0x0000000008002224      0x108 ./Core/Src/usart.o
                0x0000000008002224                HAL_UART_MspInit
 .text.Reset_Handler
                0x000000000800232c       0x50 ./Core/Startup/startup_stm32f446retx.o
                0x000000000800232c                Reset_Handler
 .text.Default_Handler
                0x000000000800237c        0x2 ./Core/Startup/startup_stm32f446retx.o
                0x000000000800237c                RTC_Alarm_IRQHandler
                0x000000000800237c                EXTI2_IRQHandler
                0x000000000800237c                TIM8_CC_IRQHandler
                0x000000000800237c                FMPI2C1_EV_IRQHandler
                0x000000000800237c                SPI4_IRQHandler
                0x000000000800237c                TIM1_CC_IRQHandler
                0x000000000800237c                DMA2_Stream5_IRQHandler
                0x000000000800237c                DMA1_Stream5_IRQHandler
                0x000000000800237c                PVD_IRQHandler
                0x000000000800237c                SDIO_IRQHandler
                0x000000000800237c                TAMP_STAMP_IRQHandler
                0x000000000800237c                CAN2_RX1_IRQHandler
                0x000000000800237c                EXTI3_IRQHandler
                0x000000000800237c                TIM8_TRG_COM_TIM14_IRQHandler
                0x000000000800237c                TIM8_UP_TIM13_IRQHandler
                0x000000000800237c                I2C3_ER_IRQHandler
                0x000000000800237c                EXTI0_IRQHandler
                0x000000000800237c                I2C2_EV_IRQHandler
                0x000000000800237c                DMA1_Stream2_IRQHandler
                0x000000000800237c                CAN1_RX0_IRQHandler
                0x000000000800237c                FPU_IRQHandler
                0x000000000800237c                OTG_HS_WKUP_IRQHandler
                0x000000000800237c                CAN2_SCE_IRQHandler
                0x000000000800237c                DMA2_Stream2_IRQHandler
                0x000000000800237c                SPI1_IRQHandler
                0x000000000800237c                TIM6_DAC_IRQHandler
                0x000000000800237c                TIM1_BRK_TIM9_IRQHandler
                0x000000000800237c                DCMI_IRQHandler
                0x000000000800237c                CAN2_RX0_IRQHandler
                0x000000000800237c                DMA2_Stream3_IRQHandler
                0x000000000800237c                SAI2_IRQHandler
                0x000000000800237c                USART6_IRQHandler
                0x000000000800237c                USART3_IRQHandler
                0x000000000800237c                CAN1_RX1_IRQHandler
                0x000000000800237c                UART5_IRQHandler
                0x000000000800237c                DMA2_Stream0_IRQHandler
                0x000000000800237c                TIM4_IRQHandler
                0x000000000800237c                QUADSPI_IRQHandler
                0x000000000800237c                I2C1_EV_IRQHandler
                0x000000000800237c                DMA1_Stream6_IRQHandler
                0x000000000800237c                DMA1_Stream1_IRQHandler
                0x000000000800237c                UART4_IRQHandler
                0x000000000800237c                RCC_IRQHandler
                0x000000000800237c                TIM8_BRK_TIM12_IRQHandler
                0x000000000800237c                Default_Handler
                0x000000000800237c                CEC_IRQHandler
                0x000000000800237c                EXTI15_10_IRQHandler
                0x000000000800237c                ADC_IRQHandler
                0x000000000800237c                DMA1_Stream7_IRQHandler
                0x000000000800237c                TIM7_IRQHandler
                0x000000000800237c                CAN2_TX_IRQHandler
                0x000000000800237c                TIM5_IRQHandler
                0x000000000800237c                DMA2_Stream7_IRQHandler
                0x000000000800237c                I2C3_EV_IRQHandler
                0x000000000800237c                EXTI9_5_IRQHandler
                0x000000000800237c                RTC_WKUP_IRQHandler
                0x000000000800237c                SPDIF_RX_IRQHandler
                0x000000000800237c                SPI2_IRQHandler
                0x000000000800237c                OTG_HS_EP1_IN_IRQHandler
                0x000000000800237c                DMA1_Stream0_IRQHandler
                0x000000000800237c                CAN1_TX_IRQHandler
                0x000000000800237c                FMPI2C1_ER_IRQHandler
                0x000000000800237c                EXTI4_IRQHandler
                0x000000000800237c                OTG_HS_EP1_OUT_IRQHandler
                0x000000000800237c                WWDG_IRQHandler
                0x000000000800237c                TIM2_IRQHandler
                0x000000000800237c                OTG_FS_WKUP_IRQHandler
                0x000000000800237c                TIM1_TRG_COM_TIM11_IRQHandler
                0x000000000800237c                OTG_HS_IRQHandler
                0x000000000800237c                EXTI1_IRQHandler
                0x000000000800237c                USART2_IRQHandler
                0x000000000800237c                I2C2_ER_IRQHandler
                0x000000000800237c                DMA2_Stream1_IRQHandler
                0x000000000800237c                CAN1_SCE_IRQHandler
                0x000000000800237c                FLASH_IRQHandler
                0x000000000800237c                DMA2_Stream4_IRQHandler
                0x000000000800237c                OTG_FS_IRQHandler
                0x000000000800237c                SPI3_IRQHandler
                0x000000000800237c                DMA1_Stream4_IRQHandler
                0x000000000800237c                I2C1_ER_IRQHandler
                0x000000000800237c                FMC_IRQHandler
                0x000000000800237c                DMA2_Stream6_IRQHandler
                0x000000000800237c                SAI1_IRQHandler
                0x000000000800237c                DMA1_Stream3_IRQHandler
 *fill*         0x000000000800237e        0x2 
 .text.HAL_Init
                0x0000000008002380       0x44 ./Drivers/STM32F4xx_HAL_Driver/stm32f4xx_hal.o
                0x0000000008002380                HAL_Init
 .text.HAL_IncTick
                0x00000000080023c4       0x28 ./Drivers/STM32F4xx_HAL_Driver/stm32f4xx_hal.o
                0x00000000080023c4                HAL_IncTick
 .text.HAL_GetTick
                0x00000000080023ec       0x18 ./Drivers/STM32F4xx_HAL_Driver/stm32f4xx_hal.o
                0x00000000080023ec                HAL_GetTick
 .text.__NVIC_SetPriorityGrouping
                0x0000000008002404       0x48 ./Drivers/STM32F4xx_HAL_Driver/stm32f4xx_hal_cortex.o
 .text.__NVIC_GetPriorityGrouping
                0x000000000800244c       0x1c ./Drivers/STM32F4xx_HAL_Driver/stm32f4xx_hal_cortex.o
 .text.__NVIC_EnableIRQ
                0x0000000008002468       0x3c ./Drivers/STM32F4xx_HAL_Driver/stm32f4xx_hal_cortex.o
 .text.__NVIC_SetPriority
                0x00000000080024a4       0x54 ./Drivers/STM32F4xx_HAL_Driver/stm32f4xx_hal_cortex.o
 .text.NVIC_EncodePriority
                0x00000000080024f8       0x66 ./Drivers/STM32F4xx_HAL_Driver/stm32f4xx_hal_cortex.o
 .text.HAL_NVIC_SetPriorityGrouping
                0x000000000800255e       0x16 ./Drivers/STM32F4xx_HAL_Driver/stm32f4xx_hal_cortex.o
                0x000000000800255e                HAL_NVIC_SetPriorityGrouping
 .text.HAL_NVIC_SetPriority
                0x0000000008002574       0x38 ./Drivers/STM32F4xx_HAL_Driver/stm32f4xx_hal_cortex.o
                0x0000000008002574                HAL_NVIC_SetPriority
 .text.HAL_NVIC_EnableIRQ
                0x00000000080025ac       0x1c ./Drivers/STM32F4xx_HAL_Driver/stm32f4xx_hal_cortex.o
                0x00000000080025ac                HAL_NVIC_EnableIRQ
 .text.HAL_DMA_Abort
                0x00000000080025c8       0xe0 ./Drivers/STM32F4xx_HAL_Driver/stm32f4xx_hal_dma.o
                0x00000000080025c8                HAL_DMA_Abort
 .text.HAL_DMA_Abort_IT
                0x00000000080026a8       0x44 ./Drivers/STM32F4xx_HAL_Driver/stm32f4xx_hal_dma.o
                0x00000000080026a8                HAL_DMA_Abort_IT
 .text.HAL_GPIO_Init
                0x00000000080026ec      0x328 ./Drivers/STM32F4xx_HAL_Driver/stm32f4xx_hal_gpio.o
                0x00000000080026ec                HAL_GPIO_Init
 .text.HAL_GPIO_ReadPin
                0x0000000008002a14       0x30 ./Drivers/STM32F4xx_HAL_Driver/stm32f4xx_hal_gpio.o
                0x0000000008002a14                HAL_GPIO_ReadPin
 .text.HAL_GPIO_WritePin
                0x0000000008002a44       0x32 ./Drivers/STM32F4xx_HAL_Driver/stm32f4xx_hal_gpio.o
                0x0000000008002a44                HAL_GPIO_WritePin
 .text.HAL_GPIO_TogglePin
                0x0000000008002a76       0x34 ./Drivers/STM32F4xx_HAL_Driver/stm32f4xx_hal_gpio.o
                0x0000000008002a76                HAL_GPIO_TogglePin
 *fill*         0x0000000008002aaa        0x2 
 .text.HAL_RCC_ClockConfig
                0x0000000008002aac      0x1cc ./Drivers/STM32F4xx_HAL_Driver/stm32f4xx_hal_rcc.o
                0x0000000008002aac                HAL_RCC_ClockConfig
 .text.HAL_RCC_GetHCLKFreq
                0x0000000008002c78       0x18 ./Drivers/STM32F4xx_HAL_Driver/stm32f4xx_hal_rcc.o
                0x0000000008002c78                HAL_RCC_GetHCLKFreq
 .text.HAL_RCC_GetPCLK1Freq
                0x0000000008002c90       0x28 ./Drivers/STM32F4xx_HAL_Driver/stm32f4xx_hal_rcc.o
                0x0000000008002c90                HAL_RCC_GetPCLK1Freq
 .text.HAL_RCC_GetPCLK2Freq
                0x0000000008002cb8       0x28 ./Drivers/STM32F4xx_HAL_Driver/stm32f4xx_hal_rcc.o
                0x0000000008002cb8                HAL_RCC_GetPCLK2Freq
 .text.HAL_RCC_GetClockConfig
                0x0000000008002ce0       0x64 ./Drivers/STM32F4xx_HAL_Driver/stm32f4xx_hal_rcc.o
                0x0000000008002ce0                HAL_RCC_GetClockConfig
 .text.HAL_RCC_GetSysClockFreq
                0x0000000008002d44      0x460 ./Drivers/STM32F4xx_HAL_Driver/stm32f4xx_hal_rcc_ex.o
                0x0000000008002d44                HAL_RCC_GetSysClockFreq
 .text.HAL_RCC_OscConfig
                0x00000000080031a4      0x53c ./Drivers/STM32F4xx_HAL_Driver/stm32f4xx_hal_rcc_ex.o
                0x00000000080031a4                HAL_RCC_OscConfig
 .text.HAL_TIM_Base_Init
                0x00000000080036e0       0x9e ./Drivers/STM32F4xx_HAL_Driver/stm32f4xx_hal_tim.o
                0x00000000080036e0                HAL_TIM_Base_Init
 *fill*         0x000000000800377e        0x2 
 .text.HAL_TIM_Base_Start_IT
                0x0000000008003780       0xe0 ./Drivers/STM32F4xx_HAL_Driver/stm32f4xx_hal_tim.o
                0x0000000008003780                HAL_TIM_Base_Start_IT
 .text.HAL_TIM_PWM_Init
                0x0000000008003860       0x9e ./Drivers/STM32F4xx_HAL_Driver/stm32f4xx_hal_tim.o
                0x0000000008003860                HAL_TIM_PWM_Init
 .text.HAL_TIM_PWM_MspInit
                0x00000000080038fe       0x14 ./Drivers/STM32F4xx_HAL_Driver/stm32f4xx_hal_tim.o
                0x00000000080038fe                HAL_TIM_PWM_MspInit
 *fill*         0x0000000008003912        0x2 
 .text.HAL_TIM_PWM_Start
                0x0000000008003914      0x190 ./Drivers/STM32F4xx_HAL_Driver/stm32f4xx_hal_tim.o
                0x0000000008003914                HAL_TIM_PWM_Start
 .text.HAL_TIM_IC_Init
                0x0000000008003aa4       0x9e ./Drivers/STM32F4xx_HAL_Driver/stm32f4xx_hal_tim.o
                0x0000000008003aa4                HAL_TIM_IC_Init
 .text.HAL_TIM_IC_MspInit
                0x0000000008003b42       0x14 ./Drivers/STM32F4xx_HAL_Driver/stm32f4xx_hal_tim.o
                0x0000000008003b42                HAL_TIM_IC_MspInit
 *fill*         0x0000000008003b56        0x2 
 .text.HAL_TIM_IC_Start_IT
                0x0000000008003b58      0x250 ./Drivers/STM32F4xx_HAL_Driver/stm32f4xx_hal_tim.o
                0x0000000008003b58                HAL_TIM_IC_Start_IT
 .text.HAL_TIM_IRQHandler
                0x0000000008003da8      0x210 ./Drivers/STM32F4xx_HAL_Driver/stm32f4xx_hal_tim.o
                0x0000000008003da8                HAL_TIM_IRQHandler
 .text.HAL_TIM_IC_ConfigChannel
                0x0000000008003fb8      0x138 ./Drivers/STM32F4xx_HAL_Driver/stm32f4xx_hal_tim.o
                0x0000000008003fb8                HAL_TIM_IC_ConfigChannel
 .text.HAL_TIM_PWM_ConfigChannel
                0x00000000080040f0      0x184 ./Drivers/STM32F4xx_HAL_Driver/stm32f4xx_hal_tim.o
                0x00000000080040f0                HAL_TIM_PWM_ConfigChannel
 .text.HAL_TIM_ConfigClockSource
                0x0000000008004274      0x18e ./Drivers/STM32F4xx_HAL_Driver/stm32f4xx_hal_tim.o
                0x0000000008004274                HAL_TIM_ConfigClockSource
 .text.HAL_TIM_OC_DelayElapsedCallback
                0x0000000008004402       0x14 ./Drivers/STM32F4xx_HAL_Driver/stm32f4xx_hal_tim.o
                0x0000000008004402                HAL_TIM_OC_DelayElapsedCallback
 .text.HAL_TIM_PWM_PulseFinishedCallback
                0x0000000008004416       0x14 ./Drivers/STM32F4xx_HAL_Driver/stm32f4xx_hal_tim.o
                0x0000000008004416                HAL_TIM_PWM_PulseFinishedCallback
 .text.HAL_TIM_TriggerCallback
                0x000000000800442a       0x14 ./Drivers/STM32F4xx_HAL_Driver/stm32f4xx_hal_tim.o
                0x000000000800442a                HAL_TIM_TriggerCallback
 *fill*         0x000000000800443e        0x2 
 .text.TIM_Base_SetConfig
                0x0000000008004440      0x140 ./Drivers/STM32F4xx_HAL_Driver/stm32f4xx_hal_tim.o
                0x0000000008004440                TIM_Base_SetConfig
 .text.TIM_OC1_SetConfig
                0x0000000008004580       0xe0 ./Drivers/STM32F4xx_HAL_Driver/stm32f4xx_hal_tim.o
 .text.TIM_OC2_SetConfig
                0x0000000008004660       0xec ./Drivers/STM32F4xx_HAL_Driver/stm32f4xx_hal_tim.o
                0x0000000008004660                TIM_OC2_SetConfig
 .text.TIM_OC3_SetConfig
                0x000000000800474c       0xe8 ./Drivers/STM32F4xx_HAL_Driver/stm32f4xx_hal_tim.o
 .text.TIM_OC4_SetConfig
                0x0000000008004834       0xac ./Drivers/STM32F4xx_HAL_Driver/stm32f4xx_hal_tim.o
 .text.TIM_TI1_SetConfig
                0x00000000080048e0       0xe8 ./Drivers/STM32F4xx_HAL_Driver/stm32f4xx_hal_tim.o
                0x00000000080048e0                TIM_TI1_SetConfig
 .text.TIM_TI1_ConfigInputStage
                0x00000000080049c8       0x5e ./Drivers/STM32F4xx_HAL_Driver/stm32f4xx_hal_tim.o
 .text.TIM_TI2_SetConfig
                0x0000000008004a26       0x7a ./Drivers/STM32F4xx_HAL_Driver/stm32f4xx_hal_tim.o
 .text.TIM_TI2_ConfigInputStage
                0x0000000008004aa0       0x60 ./Drivers/STM32F4xx_HAL_Driver/stm32f4xx_hal_tim.o
 .text.TIM_TI3_SetConfig
                0x0000000008004b00       0x78 ./Drivers/STM32F4xx_HAL_Driver/stm32f4xx_hal_tim.o
 .text.TIM_TI4_SetConfig
                0x0000000008004b78       0x7a ./Drivers/STM32F4xx_HAL_Driver/stm32f4xx_hal_tim.o
 .text.TIM_ITRx_SetConfig
                0x0000000008004bf2       0x36 ./Drivers/STM32F4xx_HAL_Driver/stm32f4xx_hal_tim.o
 .text.TIM_ETR_SetConfig
                0x0000000008004c28       0x40 ./Drivers/STM32F4xx_HAL_Driver/stm32f4xx_hal_tim.o
                0x0000000008004c28                TIM_ETR_SetConfig
 .text.TIM_CCxChannelCmd
                0x0000000008004c68       0x4a ./Drivers/STM32F4xx_HAL_Driver/stm32f4xx_hal_tim.o
                0x0000000008004c68                TIM_CCxChannelCmd
 *fill*         0x0000000008004cb2        0x2 
 .text.HAL_TIMEx_MasterConfigSynchronization
                0x0000000008004cb4       0xf8 ./Drivers/STM32F4xx_HAL_Driver/stm32f4xx_hal_tim_ex.o
                0x0000000008004cb4                HAL_TIMEx_MasterConfigSynchronization
 .text.HAL_TIMEx_CommutCallback
                0x0000000008004dac       0x14 ./Drivers/STM32F4xx_HAL_Driver/stm32f4xx_hal_tim_ex.o
                0x0000000008004dac                HAL_TIMEx_CommutCallback
 .text.HAL_TIMEx_BreakCallback
                0x0000000008004dc0       0x14 ./Drivers/STM32F4xx_HAL_Driver/stm32f4xx_hal_tim_ex.o
                0x0000000008004dc0                HAL_TIMEx_BreakCallback
 .text.HAL_UART_Init
                0x0000000008004dd4       0x9a ./Drivers/STM32F4xx_HAL_Driver/stm32f4xx_hal_uart.o
                0x0000000008004dd4                HAL_UART_Init
 .text.HAL_UART_Receive_IT
                0x0000000008004e6e       0x60 ./Drivers/STM32F4xx_HAL_Driver/stm32f4xx_hal_uart.o
                0x0000000008004e6e                HAL_UART_Receive_IT
 *fill*         0x0000000008004ece        0x2 
 .text.HAL_UART_IRQHandler
                0x0000000008004ed0      0x51c ./Drivers/STM32F4xx_HAL_Driver/stm32f4xx_hal_uart.o
                0x0000000008004ed0                HAL_UART_IRQHandler
 .text.HAL_UART_TxCpltCallback
                0x00000000080053ec       0x14 ./Drivers/STM32F4xx_HAL_Driver/stm32f4xx_hal_uart.o
                0x00000000080053ec                HAL_UART_TxCpltCallback
 .text.HAL_UART_ErrorCallback
                0x0000000008005400       0x14 ./Drivers/STM32F4xx_HAL_Driver/stm32f4xx_hal_uart.o
                0x0000000008005400                HAL_UART_ErrorCallback
 .text.HAL_UARTEx_RxEventCallback
                0x0000000008005414       0x18 ./Drivers/STM32F4xx_HAL_Driver/stm32f4xx_hal_uart.o
                0x0000000008005414                HAL_UARTEx_RxEventCallback
 .text.UART_Start_Receive_IT
                0x000000000800542c       0x7c ./Drivers/STM32F4xx_HAL_Driver/stm32f4xx_hal_uart.o
                0x000000000800542c                UART_Start_Receive_IT
 .text.UART_EndRxTransfer
                0x00000000080054a8       0xc6 ./Drivers/STM32F4xx_HAL_Driver/stm32f4xx_hal_uart.o
 .text.UART_DMAAbortOnError
                0x000000000800556e       0x28 ./Drivers/STM32F4xx_HAL_Driver/stm32f4xx_hal_uart.o
 .text.UART_Transmit_IT
                0x0000000008005596       0xa0 ./Drivers/STM32F4xx_HAL_Driver/stm32f4xx_hal_uart.o
 .text.UART_EndTransmit_IT
                0x0000000008005636       0x30 ./Drivers/STM32F4xx_HAL_Driver/stm32f4xx_hal_uart.o
 .text.UART_Receive_IT
                0x0000000008005666      0x176 ./Drivers/STM32F4xx_HAL_Driver/stm32f4xx_hal_uart.o
 .text.UART_SetConfig
                0x00000000080057dc      0x4e8 ./Drivers/STM32F4xx_HAL_Driver/stm32f4xx_hal_uart.o
 .text.vListInitialise
                0x0000000008005cc4       0x40 ./ThirdParty/FreeRTOS/list.o
                0x0000000008005cc4                vListInitialise
 .text.vListInitialiseItem
                0x0000000008005d04       0x1a ./ThirdParty/FreeRTOS/list.o
                0x0000000008005d04                vListInitialiseItem
 .text.vListInsertEnd
                0x0000000008005d1e       0x48 ./ThirdParty/FreeRTOS/list.o
                0x0000000008005d1e                vListInsertEnd
 .text.vListInsert
                0x0000000008005d66       0x72 ./ThirdParty/FreeRTOS/list.o
                0x0000000008005d66                vListInsert
 .text.uxListRemove
                0x0000000008005dd8       0x54 ./ThirdParty/FreeRTOS/list.o
                0x0000000008005dd8                uxListRemove
 .text.xQueueGenericReset
                0x0000000008005e2c      0x120 ./ThirdParty/FreeRTOS/queue.o
                0x0000000008005e2c                xQueueGenericReset
 .text.xQueueGenericCreate
                0x0000000008005f4c       0x9c ./ThirdParty/FreeRTOS/queue.o
                0x0000000008005f4c                xQueueGenericCreate
 .text.prvInitialiseNewQueue
                0x0000000008005fe8       0x46 ./ThirdParty/FreeRTOS/queue.o
 *fill*         0x000000000800602e        0x2 
 .text.xQueueGenericSend
                0x0000000008006030      0x1fc ./ThirdParty/FreeRTOS/queue.o
                0x0000000008006030                xQueueGenericSend
 .text.xQueueGenericSendFromISR
                0x000000000800622c      0x164 ./ThirdParty/FreeRTOS/queue.o
                0x000000000800622c                xQueueGenericSendFromISR
 .text.xQueueGiveFromISR
                0x0000000008006390      0x148 ./ThirdParty/FreeRTOS/queue.o
                0x0000000008006390                xQueueGiveFromISR
 .text.xQueueReceive
                0x00000000080064d8      0x1c0 ./ThirdParty/FreeRTOS/queue.o
                0x00000000080064d8                xQueueReceive
 .text.xQueueSemaphoreTake
                0x0000000008006698      0x1fc ./ThirdParty/FreeRTOS/queue.o
                0x0000000008006698                xQueueSemaphoreTake
 .text.xQueueReceiveFromISR
                0x0000000008006894      0x12e ./ThirdParty/FreeRTOS/queue.o
                0x0000000008006894                xQueueReceiveFromISR
 .text.prvGetDisinheritPriorityAfterTimeout
                0x00000000080069c2       0x30 ./ThirdParty/FreeRTOS/queue.o
 .text.prvCopyDataToQueue
                0x00000000080069f2       0xd4 ./ThirdParty/FreeRTOS/queue.o
 .text.prvCopyDataFromQueue
                0x0000000008006ac6       0x4c ./ThirdParty/FreeRTOS/queue.o
 .text.prvUnlockQueue
                0x0000000008006b12       0xa4 ./ThirdParty/FreeRTOS/queue.o
 .text.prvIsQueueEmpty
                0x0000000008006bb6       0x2c ./ThirdParty/FreeRTOS/queue.o
 .text.prvIsQueueFull
                0x0000000008006be2       0x30 ./ThirdParty/FreeRTOS/queue.o
 *fill*         0x0000000008006c12        0x2 
 .text.vQueueAddToRegistry
                0x0000000008006c14       0x9c ./ThirdParty/FreeRTOS/queue.o
                0x0000000008006c14                vQueueAddToRegistry
 .text.vQueueWaitForMessageRestricted
                0x0000000008006cb0       0x68 ./ThirdParty/FreeRTOS/queue.o
                0x0000000008006cb0                vQueueWaitForMessageRestricted
 .text.xTaskCreate
                0x0000000008006d18       0x8c ./ThirdParty/FreeRTOS/tasks.o
                0x0000000008006d18                xTaskCreate
 .text.prvInitialiseNewTask
                0x0000000008006da4      0x11c ./ThirdParty/FreeRTOS/tasks.o
 .text.prvAddNewTaskToReadyList
                0x0000000008006ec0      0x12c ./ThirdParty/FreeRTOS/tasks.o
 .text.vTaskDelay
                0x0000000008006fec       0x68 ./ThirdParty/FreeRTOS/tasks.o
                0x0000000008006fec                vTaskDelay
 .text.vTaskSuspend
                0x0000000008007054      0x140 ./ThirdParty/FreeRTOS/tasks.o
                0x0000000008007054                vTaskSuspend
 .text.prvTaskIsTaskSuspended
                0x0000000008007194       0x64 ./ThirdParty/FreeRTOS/tasks.o
 .text.vTaskResume
                0x00000000080071f8      0x10c ./ThirdParty/FreeRTOS/tasks.o
                0x00000000080071f8                vTaskResume
 .text.vTaskStartScheduler
                0x0000000008007304       0xa4 ./ThirdParty/FreeRTOS/tasks.o
                0x0000000008007304                vTaskStartScheduler
 .text.vTaskSuspendAll
                0x00000000080073a8       0x1c ./ThirdParty/FreeRTOS/tasks.o
                0x00000000080073a8                vTaskSuspendAll
 .text.xTaskResumeAll
                0x00000000080073c4      0x1f8 ./ThirdParty/FreeRTOS/tasks.o
                0x00000000080073c4                xTaskResumeAll
 .text.xTaskGetTickCount
                0x00000000080075bc       0x20 ./ThirdParty/FreeRTOS/tasks.o
                0x00000000080075bc                xTaskGetTickCount
 .text.uxTaskGetNumberOfTasks
                0x00000000080075dc       0x18 ./ThirdParty/FreeRTOS/tasks.o
                0x00000000080075dc                uxTaskGetNumberOfTasks
 .text.xTaskIncrementTick
                0x00000000080075f4      0x22c ./ThirdParty/FreeRTOS/tasks.o
                0x00000000080075f4                xTaskIncrementTick
 .text.vTaskSwitchContext
                0x0000000008007820       0xb8 ./ThirdParty/FreeRTOS/tasks.o
                0x0000000008007820                vTaskSwitchContext
 .text.vTaskPlaceOnEventList
                0x00000000080078d8       0x48 ./ThirdParty/FreeRTOS/tasks.o
                0x00000000080078d8                vTaskPlaceOnEventList
 .text.vTaskPlaceOnEventListRestricted
                0x0000000008007920       0x8c ./ThirdParty/FreeRTOS/tasks.o
                0x0000000008007920                vTaskPlaceOnEventListRestricted
 .text.xTaskRemoveFromEventList
                0x00000000080079ac      0x1ac ./ThirdParty/FreeRTOS/tasks.o
                0x00000000080079ac                xTaskRemoveFromEventList
 .text.vTaskInternalSetTimeOutState
                0x0000000008007b58       0x2c ./ThirdParty/FreeRTOS/tasks.o
                0x0000000008007b58                vTaskInternalSetTimeOutState
 .text.xTaskCheckForTimeOut
                0x0000000008007b84       0xcc ./ThirdParty/FreeRTOS/tasks.o
                0x0000000008007b84                xTaskCheckForTimeOut
 .text.vTaskMissedYield
                0x0000000008007c50       0x18 ./ThirdParty/FreeRTOS/tasks.o
                0x0000000008007c50                vTaskMissedYield
 .text.prvIdleTask
                0x0000000008007c68       0x30 ./ThirdParty/FreeRTOS/tasks.o
 .text.prvInitialiseTaskLists
                0x0000000008007c98       0x80 ./ThirdParty/FreeRTOS/tasks.o
 .text.prvCheckTasksWaitingTermination
                0x0000000008007d18       0x5c ./ThirdParty/FreeRTOS/tasks.o
 .text.prvDeleteTCB
                0x0000000008007d74       0x20 ./ThirdParty/FreeRTOS/tasks.o
 .text.prvResetNextTaskUnblockTime
                0x0000000008007d94       0x38 ./ThirdParty/FreeRTOS/tasks.o
 .text.xTaskGetSchedulerState
                0x0000000008007dcc       0x3c ./ThirdParty/FreeRTOS/tasks.o
                0x0000000008007dcc                xTaskGetSchedulerState
 .text.xTaskPriorityInherit
                0x0000000008007e08      0x13c ./ThirdParty/FreeRTOS/tasks.o
                0x0000000008007e08                xTaskPriorityInherit
 .text.xTaskPriorityDisinherit
                0x0000000008007f44      0x148 ./ThirdParty/FreeRTOS/tasks.o
                0x0000000008007f44                xTaskPriorityDisinherit
 .text.vTaskPriorityDisinheritAfterTimeout
                0x000000000800808c      0x170 ./ThirdParty/FreeRTOS/tasks.o
                0x000000000800808c                vTaskPriorityDisinheritAfterTimeout
 .text.pvTaskIncrementMutexHeldCount
                0x00000000080081fc       0x28 ./ThirdParty/FreeRTOS/tasks.o
                0x00000000080081fc                pvTaskIncrementMutexHeldCount
 .text.prvAddCurrentTaskToDelayedList
                0x0000000008008224      0x100 ./ThirdParty/FreeRTOS/tasks.o
 .text.xTimerCreateTimerTask
                0x0000000008008324       0x64 ./ThirdParty/FreeRTOS/timers.o
                0x0000000008008324                xTimerCreateTimerTask
 .text.prvReloadTimer
                0x0000000008008388       0x42 ./ThirdParty/FreeRTOS/timers.o
 *fill*         0x00000000080083ca        0x2 
 .text.prvProcessExpiredTimer
                0x00000000080083cc       0x60 ./ThirdParty/FreeRTOS/timers.o
 .text.prvTimerTask
                0x000000000800842c       0x24 ./ThirdParty/FreeRTOS/timers.o
 .text.prvProcessTimerOrBlockTask
                0x0000000008008450       0x9c ./ThirdParty/FreeRTOS/timers.o
 .text.prvGetNextExpireTime
                0x00000000080084ec       0x48 ./ThirdParty/FreeRTOS/timers.o
 .text.prvSampleTimeNow
                0x0000000008008534       0x40 ./ThirdParty/FreeRTOS/timers.o
 .text.prvInsertTimerInActiveList
                0x0000000008008574       0x84 ./ThirdParty/FreeRTOS/timers.o
 .text.prvProcessReceivedCommands
                0x00000000080085f8      0x17c ./ThirdParty/FreeRTOS/timers.o
 .text.prvSwitchTimerLists
                0x0000000008008774       0x4c ./ThirdParty/FreeRTOS/timers.o
 .text.prvCheckForValidListAndQueue
                0x00000000080087c0       0x6c ./ThirdParty/FreeRTOS/timers.o
 .text.pxPortInitialiseStack
                0x000000000800882c       0x68 ./ThirdParty/FreeRTOS/portable/GCC/ARM_CM4F/port.o
                0x000000000800882c                pxPortInitialiseStack
 .text.prvTaskExitError
                0x0000000008008894       0x58 ./ThirdParty/FreeRTOS/portable/GCC/ARM_CM4F/port.o
 *fill*         0x00000000080088ec        0x4 
 .text.SVC_Handler
                0x00000000080088f0       0x28 ./ThirdParty/FreeRTOS/portable/GCC/ARM_CM4F/port.o
                0x00000000080088f0                SVC_Handler
 .text.prvPortStartFirstTask
                0x0000000008008918       0x2c ./ThirdParty/FreeRTOS/portable/GCC/ARM_CM4F/port.o
 .text.xPortStartScheduler
                0x0000000008008944      0x144 ./ThirdParty/FreeRTOS/portable/GCC/ARM_CM4F/port.o
                0x0000000008008944                xPortStartScheduler
 .text.vPortEnterCritical
                0x0000000008008a88       0x60 ./ThirdParty/FreeRTOS/portable/GCC/ARM_CM4F/port.o
                0x0000000008008a88                vPortEnterCritical
 .text.vPortExitCritical
                0x0000000008008ae8       0x54 ./ThirdParty/FreeRTOS/portable/GCC/ARM_CM4F/port.o
                0x0000000008008ae8                vPortExitCritical
 *fill*         0x0000000008008b3c        0x4 
 .text.PendSV_Handler
                0x0000000008008b40       0x68 ./ThirdParty/FreeRTOS/portable/GCC/ARM_CM4F/port.o
                0x0000000008008b40                PendSV_Handler
 .text.SysTick_Handler
                0x0000000008008ba8       0x44 ./ThirdParty/FreeRTOS/portable/GCC/ARM_CM4F/port.o
                0x0000000008008ba8                SysTick_Handler
 .text.vPortSetupTimerInterrupt
                0x0000000008008bec       0x48 ./ThirdParty/FreeRTOS/portable/GCC/ARM_CM4F/port.o
                0x0000000008008bec                vPortSetupTimerInterrupt
 .text.vPortEnableVFP
                0x0000000008008c34       0x18 ./ThirdParty/FreeRTOS/portable/GCC/ARM_CM4F/port.o
 .text.vPortValidateInterruptPriority
                0x0000000008008c4c       0x80 ./ThirdParty/FreeRTOS/portable/GCC/ARM_CM4F/port.o
                0x0000000008008c4c                vPortValidateInterruptPriority
 .text.pvPortMalloc
                0x0000000008008ccc      0x174 ./ThirdParty/FreeRTOS/portable/MemMang/heap_4.o
                0x0000000008008ccc                pvPortMalloc
 .text.vPortFree
                0x0000000008008e40       0xb8 ./ThirdParty/FreeRTOS/portable/MemMang/heap_4.o
                0x0000000008008e40                vPortFree
 .text.prvHeapInit
                0x0000000008008ef8       0xb8 ./ThirdParty/FreeRTOS/portable/MemMang/heap_4.o
 .text.prvInsertBlockIntoFreeList
                0x0000000008008fb0       0xb4 ./ThirdParty/FreeRTOS/portable/MemMang/heap_4.o
 .text.memset   0x0000000008009064       0x10 C:/ST/STM32CubeIDE_1.13.0/STM32CubeIDE/plugins/com.st.stm32cube.ide.mcu.externaltools.gnu-tools-for-stm32.11.3.rel1.win32_1.1.0.202305231506/tools/bin/../lib/gcc/arm-none-eabi/11.3.1/../../../../arm-none-eabi/lib/thumb/v7e-m+fp/hard\libc_nano.a(libc_a-memset.o)
                0x0000000008009064                memset
 .text.__libc_init_array
                0x0000000008009074       0x48 C:/ST/STM32CubeIDE_1.13.0/STM32CubeIDE/plugins/com.st.stm32cube.ide.mcu.externaltools.gnu-tools-for-stm32.11.3.rel1.win32_1.1.0.202305231506/tools/bin/../lib/gcc/arm-none-eabi/11.3.1/../../../../arm-none-eabi/lib/thumb/v7e-m+fp/hard\libc_nano.a(libc_a-init.o)
                0x0000000008009074                __libc_init_array
 .text.memcpy   0x00000000080090bc       0x1c C:/ST/STM32CubeIDE_1.13.0/STM32CubeIDE/plugins/com.st.stm32cube.ide.mcu.externaltools.gnu-tools-for-stm32.11.3.rel1.win32_1.1.0.202305231506/tools/bin/../lib/gcc/arm-none-eabi/11.3.1/../../../../arm-none-eabi/lib/thumb/v7e-m+fp/hard\libc_nano.a(libc_a-memcpy-stub.o)
                0x00000000080090bc                memcpy
 *(.glue_7)
 .glue_7        0x00000000080090d8        0x0 linker stubs
 *(.glue_7t)
 .glue_7t       0x00000000080090d8        0x0 linker stubs
 *(.eh_frame)
 .eh_frame      0x00000000080090d8        0x0 C:/ST/STM32CubeIDE_1.13.0/STM32CubeIDE/plugins/com.st.stm32cube.ide.mcu.externaltools.gnu-tools-for-stm32.11.3.rel1.win32_1.1.0.202305231506/tools/bin/../lib/gcc/arm-none-eabi/11.3.1/thumb/v7e-m+fp/hard/crtbegin.o
 *(.init)
 .init          0x00000000080090d8        0x4 C:/ST/STM32CubeIDE_1.13.0/STM32CubeIDE/plugins/com.st.stm32cube.ide.mcu.externaltools.gnu-tools-for-stm32.11.3.rel1.win32_1.1.0.202305231506/tools/bin/../lib/gcc/arm-none-eabi/11.3.1/thumb/v7e-m+fp/hard/crti.o
                0x00000000080090d8                _init
 .init          0x00000000080090dc        0x8 C:/ST/STM32CubeIDE_1.13.0/STM32CubeIDE/plugins/com.st.stm32cube.ide.mcu.externaltools.gnu-tools-for-stm32.11.3.rel1.win32_1.1.0.202305231506/tools/bin/../lib/gcc/arm-none-eabi/11.3.1/thumb/v7e-m+fp/hard/crtn.o
 *(.fini)
 .fini          0x00000000080090e4        0x4 C:/ST/STM32CubeIDE_1.13.0/STM32CubeIDE/plugins/com.st.stm32cube.ide.mcu.externaltools.gnu-tools-for-stm32.11.3.rel1.win32_1.1.0.202305231506/tools/bin/../lib/gcc/arm-none-eabi/11.3.1/thumb/v7e-m+fp/hard/crti.o
                0x00000000080090e4                _fini
 .fini          0x00000000080090e8        0x8 C:/ST/STM32CubeIDE_1.13.0/STM32CubeIDE/plugins/com.st.stm32cube.ide.mcu.externaltools.gnu-tools-for-stm32.11.3.rel1.win32_1.1.0.202305231506/tools/bin/../lib/gcc/arm-none-eabi/11.3.1/thumb/v7e-m+fp/hard/crtn.o
                0x00000000080090f0                . = ALIGN (0x4)
                0x00000000080090f0                _etext = .

.vfp11_veneer   0x00000000080090f0        0x0
 .vfp11_veneer  0x00000000080090f0        0x0 linker stubs

.v4_bx          0x00000000080090f0        0x0
 .v4_bx         0x00000000080090f0        0x0 linker stubs

.iplt           0x00000000080090f0        0x0
 .iplt          0x00000000080090f0        0x0 C:/ST/STM32CubeIDE_1.13.0/STM32CubeIDE/plugins/com.st.stm32cube.ide.mcu.externaltools.gnu-tools-for-stm32.11.3.rel1.win32_1.1.0.202305231506/tools/bin/../lib/gcc/arm-none-eabi/11.3.1/thumb/v7e-m+fp/hard/crtbegin.o

.rodata         0x00000000080090f0       0x58
                0x00000000080090f0                . = ALIGN (0x4)
 *(.rodata)
 .rodata        0x00000000080090f0       0x26 ./Core/Src/main.o
 *fill*         0x0000000008009116        0x2 
 .rodata        0x0000000008009118        0x5 ./ThirdParty/FreeRTOS/tasks.o
 *fill*         0x000000000800911d        0x3 
 .rodata        0x0000000008009120        0xd ./ThirdParty/FreeRTOS/timers.o
 *(.rodata*)
 *fill*         0x000000000800912d        0x3 
 .rodata.AHBPrescTable
                0x0000000008009130       0x10 ./Core/Src/system_stm32f4xx.o
                0x0000000008009130                AHBPrescTable
 .rodata.APBPrescTable
                0x0000000008009140        0x8 ./Core/Src/system_stm32f4xx.o
                0x0000000008009140                APBPrescTable
                0x0000000008009148                . = ALIGN (0x4)

.ARM.extab      0x0000000008009148        0x0
                0x0000000008009148                . = ALIGN (0x4)
 *(.ARM.extab* .gnu.linkonce.armextab.*)
                0x0000000008009148                . = ALIGN (0x4)

.ARM            0x0000000008009148        0x8
                0x0000000008009148                . = ALIGN (0x4)
                0x0000000008009148                __exidx_start = .
 *(.ARM.exidx*)
 .ARM.exidx     0x0000000008009148        0x8 C:/ST/STM32CubeIDE_1.13.0/STM32CubeIDE/plugins/com.st.stm32cube.ide.mcu.externaltools.gnu-tools-for-stm32.11.3.rel1.win32_1.1.0.202305231506/tools/bin/../lib/gcc/arm-none-eabi/11.3.1/thumb/v7e-m+fp/hard\libgcc.a(_udivmoddi4.o)
                0x0000000008009150                __exidx_end = .
                0x0000000008009150                . = ALIGN (0x4)

.rel.dyn        0x0000000008009150        0x0
 .rel.iplt      0x0000000008009150        0x0 C:/ST/STM32CubeIDE_1.13.0/STM32CubeIDE/plugins/com.st.stm32cube.ide.mcu.externaltools.gnu-tools-for-stm32.11.3.rel1.win32_1.1.0.202305231506/tools/bin/../lib/gcc/arm-none-eabi/11.3.1/thumb/v7e-m+fp/hard/crtbegin.o

.preinit_array  0x0000000008009150        0x0
                0x0000000008009150                . = ALIGN (0x4)
                0x0000000008009150                PROVIDE (__preinit_array_start = .)
 *(.preinit_array*)
                0x0000000008009150                PROVIDE (__preinit_array_end = .)
                0x0000000008009150                . = ALIGN (0x4)

.init_array     0x0000000008009150        0x4
                0x0000000008009150                . = ALIGN (0x4)
                0x0000000008009150                PROVIDE (__init_array_start = .)
 *(SORT_BY_NAME(.init_array.*))
 *(.init_array*)
 .init_array    0x0000000008009150        0x4 C:/ST/STM32CubeIDE_1.13.0/STM32CubeIDE/plugins/com.st.stm32cube.ide.mcu.externaltools.gnu-tools-for-stm32.11.3.rel1.win32_1.1.0.202305231506/tools/bin/../lib/gcc/arm-none-eabi/11.3.1/thumb/v7e-m+fp/hard/crtbegin.o
                0x0000000008009154                PROVIDE (__init_array_end = .)
                0x0000000008009154                . = ALIGN (0x4)

.fini_array     0x0000000008009154        0x4
                0x0000000008009154                . = ALIGN (0x4)
                [!provide]                        PROVIDE (__fini_array_start = .)
 *(SORT_BY_NAME(.fini_array.*))
 *(.fini_array*)
 .fini_array    0x0000000008009154        0x4 C:/ST/STM32CubeIDE_1.13.0/STM32CubeIDE/plugins/com.st.stm32cube.ide.mcu.externaltools.gnu-tools-for-stm32.11.3.rel1.win32_1.1.0.202305231506/tools/bin/../lib/gcc/arm-none-eabi/11.3.1/thumb/v7e-m+fp/hard/crtbegin.o
                [!provide]                        PROVIDE (__fini_array_end = .)
                0x0000000008009158                . = ALIGN (0x4)
                0x0000000008009158                _sidata = LOADADDR (.data)

.data           0x0000000020000000       0x1c load address 0x0000000008009158
                0x0000000020000000                . = ALIGN (0x4)
                0x0000000020000000                _sdata = .
 *(.data)
 *(.data*)
 .data.max_RC_Value
                0x0000000020000000        0x4 ./Core/Src/main.o
                0x0000000020000000                max_RC_Value
 .data.tot_TIM  0x0000000020000004        0x4 ./Core/Src/main.o
                0x0000000020000004                tot_TIM
 .data.SystemCoreClock
                0x0000000020000008        0x4 ./Core/Src/system_stm32f4xx.o
                0x0000000020000008                SystemCoreClock
 .data.uwTickPrio
                0x000000002000000c        0x4 ./Drivers/STM32F4xx_HAL_Driver/stm32f4xx_hal.o
                0x000000002000000c                uwTickPrio
 .data.uwTickFreq
                0x0000000020000010        0x1 ./Drivers/STM32F4xx_HAL_Driver/stm32f4xx_hal.o
                0x0000000020000010                uwTickFreq
 *fill*         0x0000000020000011        0x3 
 .data.uxTopUsedPriority
                0x0000000020000014        0x4 ./ThirdParty/FreeRTOS/tasks.o
                0x0000000020000014                uxTopUsedPriority
 .data.uxCriticalNesting
                0x0000000020000018        0x4 ./ThirdParty/FreeRTOS/portable/GCC/ARM_CM4F/port.o
 *(.RamFunc)
 *(.RamFunc*)
                0x000000002000001c                . = ALIGN (0x4)
                0x000000002000001c                _edata = .

.igot.plt       0x000000002000001c        0x0 load address 0x0000000008009174
 .igot.plt      0x000000002000001c        0x0 C:/ST/STM32CubeIDE_1.13.0/STM32CubeIDE/plugins/com.st.stm32cube.ide.mcu.externaltools.gnu-tools-for-stm32.11.3.rel1.win32_1.1.0.202305231506/tools/bin/../lib/gcc/arm-none-eabi/11.3.1/thumb/v7e-m+fp/hard/crtbegin.o
                0x000000002000001c                . = ALIGN (0x4)

.bss            0x000000002000001c    0x12fc4 load address 0x0000000008009174
                0x000000002000001c                _sbss = .
                0x000000002000001c                __bss_start__ = _sbss
 *(.bss)
 .bss           0x000000002000001c       0x1c C:/ST/STM32CubeIDE_1.13.0/STM32CubeIDE/plugins/com.st.stm32cube.ide.mcu.externaltools.gnu-tools-for-stm32.11.3.rel1.win32_1.1.0.202305231506/tools/bin/../lib/gcc/arm-none-eabi/11.3.1/thumb/v7e-m+fp/hard/crtbegin.o
 *(.bss*)
 .bss.channel_SBUS
                0x0000000020000038       0x24 ./Core/Src/main.o
                0x0000000020000038                channel_SBUS
 .bss.throttle_perct
                0x000000002000005c        0x4 ./Core/Src/main.o
                0x000000002000005c                throttle_perct
 .bss.CH1_DC    0x0000000020000060        0x4 ./Core/Src/main.o
                0x0000000020000060                CH1_DC
 .bss.CH2_DC    0x0000000020000064        0x4 ./Core/Src/main.o
                0x0000000020000064                CH2_DC
 .bss.CH3_DC    0x0000000020000068        0x4 ./Core/Src/main.o
                0x0000000020000068                CH3_DC
 .bss.CH4_DC    0x000000002000006c        0x4 ./Core/Src/main.o
                0x000000002000006c                CH4_DC
 .bss.failsafe_status
                0x0000000020000070        0x2 ./Core/Src/main.o
                0x0000000020000070                failsafe_status
 *fill*         0x0000000020000072        0x2 
 .bss.buffer_SBUS
                0x0000000020000074       0x19 ./Core/Src/main.o
                0x0000000020000074                buffer_SBUS
 *fill*         0x000000002000008d        0x3 
 .bss.channels_SBUS
                0x0000000020000090       0x24 ./Core/Src/main.o
                0x0000000020000090                channels_SBUS
 .bss.pulseWidth
                0x00000000200000b4        0x4 ./Core/Src/main.o
                0x00000000200000b4                pulseWidth
 .bss.distance  0x00000000200000b8        0x4 ./Core/Src/main.o
                0x00000000200000b8                distance
 .bss.distances
                0x00000000200000bc        0x4 ./Core/Src/main.o
                0x00000000200000bc                distances
 .bss.led_handler
                0x00000000200000c0        0x4 ./Core/Src/main.o
                0x00000000200000c0                led_handler
 .bss.motor_handler
                0x00000000200000c4        0x4 ./Core/Src/main.o
                0x00000000200000c4                motor_handler
 .bss.auto_handler
                0x00000000200000c8        0x4 ./Core/Src/main.o
                0x00000000200000c8                auto_handler
 .bss.bin_sem   0x00000000200000cc        0x4 ./Core/Src/main.o
                0x00000000200000cc                bin_sem
 .bss.queue_motor
                0x00000000200000d0        0x4 ./Core/Src/main.o
                0x00000000200000d0                queue_motor
 .bss.queue_autonomous
                0x00000000200000d4        0x4 ./Core/Src/main.o
                0x00000000200000d4                queue_autonomous
 .bss.htim1     0x00000000200000d8       0x48 ./Core/Src/stm32f4xx_hal_timebase_tim.o
                0x00000000200000d8                htim1
 .bss.htim2     0x0000000020000120       0x48 ./Core/Src/tim.o
                0x0000000020000120                htim2
 .bss.htim3     0x0000000020000168       0x48 ./Core/Src/tim.o
                0x0000000020000168                htim3
 .bss.huart1    0x00000000200001b0       0x44 ./Core/Src/usart.o
                0x00000000200001b0                huart1
 .bss.huart2    0x00000000200001f4       0x44 ./Core/Src/usart.o
                0x00000000200001f4                huart2
 .bss.uwTick    0x0000000020000238        0x4 ./Drivers/STM32F4xx_HAL_Driver/stm32f4xx_hal.o
                0x0000000020000238                uwTick
 .bss.xQueueRegistry
                0x000000002000023c       0x40 ./ThirdParty/FreeRTOS/queue.o
                0x000000002000023c                xQueueRegistry
 .bss.pxCurrentTCB
                0x000000002000027c        0x4 ./ThirdParty/FreeRTOS/tasks.o
                0x000000002000027c                pxCurrentTCB
 .bss.pxReadyTasksLists
                0x0000000020000280       0x64 ./ThirdParty/FreeRTOS/tasks.o
 .bss.xDelayedTaskList1
                0x00000000200002e4       0x14 ./ThirdParty/FreeRTOS/tasks.o
 .bss.xDelayedTaskList2
                0x00000000200002f8       0x14 ./ThirdParty/FreeRTOS/tasks.o
 .bss.pxDelayedTaskList
                0x000000002000030c        0x4 ./ThirdParty/FreeRTOS/tasks.o
 .bss.pxOverflowDelayedTaskList
                0x0000000020000310        0x4 ./ThirdParty/FreeRTOS/tasks.o
 .bss.xPendingReadyList
                0x0000000020000314       0x14 ./ThirdParty/FreeRTOS/tasks.o
 .bss.xTasksWaitingTermination
                0x0000000020000328       0x14 ./ThirdParty/FreeRTOS/tasks.o
 .bss.uxDeletedTasksWaitingCleanUp
                0x000000002000033c        0x4 ./ThirdParty/FreeRTOS/tasks.o
 .bss.xSuspendedTaskList
                0x0000000020000340       0x14 ./ThirdParty/FreeRTOS/tasks.o
 .bss.uxCurrentNumberOfTasks
                0x0000000020000354        0x4 ./ThirdParty/FreeRTOS/tasks.o
 .bss.xTickCount
                0x0000000020000358        0x4 ./ThirdParty/FreeRTOS/tasks.o
 .bss.uxTopReadyPriority
                0x000000002000035c        0x4 ./ThirdParty/FreeRTOS/tasks.o
 .bss.xSchedulerRunning
                0x0000000020000360        0x4 ./ThirdParty/FreeRTOS/tasks.o
 .bss.xPendedTicks
                0x0000000020000364        0x4 ./ThirdParty/FreeRTOS/tasks.o
 .bss.xYieldPending
                0x0000000020000368        0x4 ./ThirdParty/FreeRTOS/tasks.o
 .bss.xNumOfOverflows
                0x000000002000036c        0x4 ./ThirdParty/FreeRTOS/tasks.o
 .bss.uxTaskNumber
                0x0000000020000370        0x4 ./ThirdParty/FreeRTOS/tasks.o
 .bss.xNextTaskUnblockTime
                0x0000000020000374        0x4 ./ThirdParty/FreeRTOS/tasks.o
 .bss.xIdleTaskHandle
                0x0000000020000378        0x4 ./ThirdParty/FreeRTOS/tasks.o
 .bss.uxSchedulerSuspended
                0x000000002000037c        0x4 ./ThirdParty/FreeRTOS/tasks.o
 .bss.xActiveTimerList1
                0x0000000020000380       0x14 ./ThirdParty/FreeRTOS/timers.o
 .bss.xActiveTimerList2
                0x0000000020000394       0x14 ./ThirdParty/FreeRTOS/timers.o
 .bss.pxCurrentTimerList
                0x00000000200003a8        0x4 ./ThirdParty/FreeRTOS/timers.o
 .bss.pxOverflowTimerList
                0x00000000200003ac        0x4 ./ThirdParty/FreeRTOS/timers.o
 .bss.xTimerQueue
                0x00000000200003b0        0x4 ./ThirdParty/FreeRTOS/timers.o
 .bss.xTimerTaskHandle
                0x00000000200003b4        0x4 ./ThirdParty/FreeRTOS/timers.o
 .bss.xLastTime.0
                0x00000000200003b8        0x4 ./ThirdParty/FreeRTOS/timers.o
 .bss.ucMaxSysCallPriority
                0x00000000200003bc        0x1 ./ThirdParty/FreeRTOS/portable/GCC/ARM_CM4F/port.o
 *fill*         0x00000000200003bd        0x3 
 .bss.ulMaxPRIGROUPValue
                0x00000000200003c0        0x4 ./ThirdParty/FreeRTOS/portable/GCC/ARM_CM4F/port.o
 .bss.ucHeap    0x00000000200003c4    0x12c00 ./ThirdParty/FreeRTOS/portable/MemMang/heap_4.o
 .bss.xStart    0x0000000020012fc4        0x8 ./ThirdParty/FreeRTOS/portable/MemMang/heap_4.o
 .bss.pxEnd     0x0000000020012fcc        0x4 ./ThirdParty/FreeRTOS/portable/MemMang/heap_4.o
 .bss.xFreeBytesRemaining
                0x0000000020012fd0        0x4 ./ThirdParty/FreeRTOS/portable/MemMang/heap_4.o
 .bss.xMinimumEverFreeBytesRemaining
                0x0000000020012fd4        0x4 ./ThirdParty/FreeRTOS/portable/MemMang/heap_4.o
 .bss.xNumberOfSuccessfulAllocations
                0x0000000020012fd8        0x4 ./ThirdParty/FreeRTOS/portable/MemMang/heap_4.o
 .bss.xNumberOfSuccessfulFrees
                0x0000000020012fdc        0x4 ./ThirdParty/FreeRTOS/portable/MemMang/heap_4.o
 *(COMMON)
                0x0000000020012fe0                . = ALIGN (0x4)
                0x0000000020012fe0                _ebss = .
                0x0000000020012fe0                __bss_end__ = _ebss

._user_heap_stack
                0x0000000020012fe0      0x600 load address 0x0000000008009174
                0x0000000020012fe0                . = ALIGN (0x8)
                [!provide]                        PROVIDE (end = .)
                0x0000000020012fe0                PROVIDE (_end = .)
                0x00000000200131e0                . = (. + _Min_Heap_Size)
 *fill*         0x0000000020012fe0      0x200 
                0x00000000200135e0                . = (. + _Min_Stack_Size)
 *fill*         0x00000000200131e0      0x400 
                0x00000000200135e0                . = ALIGN (0x8)

/DISCARD/
 libc.a(*)
 libm.a(*)
 libgcc.a(*)

.ARM.attributes
                0x0000000000000000       0x30
 *(.ARM.attributes)
 .ARM.attributes
                0x0000000000000000       0x1e C:/ST/STM32CubeIDE_1.13.0/STM32CubeIDE/plugins/com.st.stm32cube.ide.mcu.externaltools.gnu-tools-for-stm32.11.3.rel1.win32_1.1.0.202305231506/tools/bin/../lib/gcc/arm-none-eabi/11.3.1/thumb/v7e-m+fp/hard/crti.o
 .ARM.attributes
                0x000000000000001e       0x34 C:/ST/STM32CubeIDE_1.13.0/STM32CubeIDE/plugins/com.st.stm32cube.ide.mcu.externaltools.gnu-tools-for-stm32.11.3.rel1.win32_1.1.0.202305231506/tools/bin/../lib/gcc/arm-none-eabi/11.3.1/thumb/v7e-m+fp/hard/crtbegin.o
 .ARM.attributes
                0x0000000000000052       0x34 ./Core/Src/gpio.o
 .ARM.attributes
                0x0000000000000086       0x34 ./Core/Src/main.o
 .ARM.attributes
                0x00000000000000ba       0x34 ./Core/Src/stm32f4xx_hal_msp.o
 .ARM.attributes
                0x00000000000000ee       0x34 ./Core/Src/stm32f4xx_hal_timebase_tim.o
 .ARM.attributes
                0x0000000000000122       0x34 ./Core/Src/stm32f4xx_it.o
 .ARM.attributes
                0x0000000000000156       0x34 ./Core/Src/system_stm32f4xx.o
 .ARM.attributes
                0x000000000000018a       0x34 ./Core/Src/tim.o
 .ARM.attributes
                0x00000000000001be       0x34 ./Core/Src/usart.o
 .ARM.attributes
                0x00000000000001f2       0x21 ./Core/Startup/startup_stm32f446retx.o
 .ARM.attributes
                0x0000000000000213       0x34 ./Drivers/STM32F4xx_HAL_Driver/stm32f4xx_hal.o
 .ARM.attributes
                0x0000000000000247       0x34 ./Drivers/STM32F4xx_HAL_Driver/stm32f4xx_hal_cortex.o
 .ARM.attributes
                0x000000000000027b       0x34 ./Drivers/STM32F4xx_HAL_Driver/stm32f4xx_hal_dma.o
 .ARM.attributes
                0x00000000000002af       0x34 ./Drivers/STM32F4xx_HAL_Driver/stm32f4xx_hal_gpio.o
 .ARM.attributes
                0x00000000000002e3       0x34 ./Drivers/STM32F4xx_HAL_Driver/stm32f4xx_hal_rcc.o
 .ARM.attributes
                0x0000000000000317       0x34 ./Drivers/STM32F4xx_HAL_Driver/stm32f4xx_hal_rcc_ex.o
 .ARM.attributes
                0x000000000000034b       0x34 ./Drivers/STM32F4xx_HAL_Driver/stm32f4xx_hal_tim.o
 .ARM.attributes
                0x000000000000037f       0x34 ./Drivers/STM32F4xx_HAL_Driver/stm32f4xx_hal_tim_ex.o
 .ARM.attributes
                0x00000000000003b3       0x34 ./Drivers/STM32F4xx_HAL_Driver/stm32f4xx_hal_uart.o
 .ARM.attributes
                0x00000000000003e7       0x34 ./ThirdParty/FreeRTOS/list.o
 .ARM.attributes
                0x000000000000041b       0x34 ./ThirdParty/FreeRTOS/queue.o
 .ARM.attributes
                0x000000000000044f       0x34 ./ThirdParty/FreeRTOS/tasks.o
 .ARM.attributes
                0x0000000000000483       0x34 ./ThirdParty/FreeRTOS/timers.o
 .ARM.attributes
                0x00000000000004b7       0x34 ./ThirdParty/FreeRTOS/portable/GCC/ARM_CM4F/port.o
 .ARM.attributes
                0x00000000000004eb       0x34 ./ThirdParty/FreeRTOS/portable/MemMang/heap_4.o
 .ARM.attributes
                0x000000000000051f       0x34 C:/ST/STM32CubeIDE_1.13.0/STM32CubeIDE/plugins/com.st.stm32cube.ide.mcu.externaltools.gnu-tools-for-stm32.11.3.rel1.win32_1.1.0.202305231506/tools/bin/../lib/gcc/arm-none-eabi/11.3.1/../../../../arm-none-eabi/lib/thumb/v7e-m+fp/hard\libc_nano.a(libc_a-memset.o)
 .ARM.attributes
                0x0000000000000553       0x34 C:/ST/STM32CubeIDE_1.13.0/STM32CubeIDE/plugins/com.st.stm32cube.ide.mcu.externaltools.gnu-tools-for-stm32.11.3.rel1.win32_1.1.0.202305231506/tools/bin/../lib/gcc/arm-none-eabi/11.3.1/../../../../arm-none-eabi/lib/thumb/v7e-m+fp/hard\libc_nano.a(libc_a-init.o)
 .ARM.attributes
                0x0000000000000587       0x34 C:/ST/STM32CubeIDE_1.13.0/STM32CubeIDE/plugins/com.st.stm32cube.ide.mcu.externaltools.gnu-tools-for-stm32.11.3.rel1.win32_1.1.0.202305231506/tools/bin/../lib/gcc/arm-none-eabi/11.3.1/../../../../arm-none-eabi/lib/thumb/v7e-m+fp/hard\libc_nano.a(libc_a-memcpy-stub.o)
 .ARM.attributes
                0x00000000000005bb       0x1e C:/ST/STM32CubeIDE_1.13.0/STM32CubeIDE/plugins/com.st.stm32cube.ide.mcu.externaltools.gnu-tools-for-stm32.11.3.rel1.win32_1.1.0.202305231506/tools/bin/../lib/gcc/arm-none-eabi/11.3.1/thumb/v7e-m+fp/hard\libgcc.a(_arm_addsubdf3.o)
 .ARM.attributes
                0x00000000000005d9       0x1e C:/ST/STM32CubeIDE_1.13.0/STM32CubeIDE/plugins/com.st.stm32cube.ide.mcu.externaltools.gnu-tools-for-stm32.11.3.rel1.win32_1.1.0.202305231506/tools/bin/../lib/gcc/arm-none-eabi/11.3.1/thumb/v7e-m+fp/hard\libgcc.a(_arm_muldivdf3.o)
 .ARM.attributes
                0x00000000000005f7       0x1e C:/ST/STM32CubeIDE_1.13.0/STM32CubeIDE/plugins/com.st.stm32cube.ide.mcu.externaltools.gnu-tools-for-stm32.11.3.rel1.win32_1.1.0.202305231506/tools/bin/../lib/gcc/arm-none-eabi/11.3.1/thumb/v7e-m+fp/hard\libgcc.a(_arm_truncdfsf2.o)
 .ARM.attributes
                0x0000000000000615       0x1e C:/ST/STM32CubeIDE_1.13.0/STM32CubeIDE/plugins/com.st.stm32cube.ide.mcu.externaltools.gnu-tools-for-stm32.11.3.rel1.win32_1.1.0.202305231506/tools/bin/../lib/gcc/arm-none-eabi/11.3.1/thumb/v7e-m+fp/hard\libgcc.a(_aeabi_uldivmod.o)
 .ARM.attributes
                0x0000000000000633       0x34 C:/ST/STM32CubeIDE_1.13.0/STM32CubeIDE/plugins/com.st.stm32cube.ide.mcu.externaltools.gnu-tools-for-stm32.11.3.rel1.win32_1.1.0.202305231506/tools/bin/../lib/gcc/arm-none-eabi/11.3.1/thumb/v7e-m+fp/hard\libgcc.a(_udivmoddi4.o)
 .ARM.attributes
                0x0000000000000667       0x1e C:/ST/STM32CubeIDE_1.13.0/STM32CubeIDE/plugins/com.st.stm32cube.ide.mcu.externaltools.gnu-tools-for-stm32.11.3.rel1.win32_1.1.0.202305231506/tools/bin/../lib/gcc/arm-none-eabi/11.3.1/thumb/v7e-m+fp/hard\libgcc.a(_dvmd_tls.o)
 .ARM.attributes
                0x0000000000000685       0x1e C:/ST/STM32CubeIDE_1.13.0/STM32CubeIDE/plugins/com.st.stm32cube.ide.mcu.externaltools.gnu-tools-for-stm32.11.3.rel1.win32_1.1.0.202305231506/tools/bin/../lib/gcc/arm-none-eabi/11.3.1/thumb/v7e-m+fp/hard/crtn.o
OUTPUT(CleanStart.elf elf32-littlearm)
LOAD linker stubs
LOAD C:/ST/STM32CubeIDE_1.13.0/STM32CubeIDE/plugins/com.st.stm32cube.ide.mcu.externaltools.gnu-tools-for-stm32.11.3.rel1.win32_1.1.0.202305231506/tools/bin/../lib/gcc/arm-none-eabi/11.3.1/../../../../arm-none-eabi/lib/thumb/v7e-m+fp/hard\libc.a
LOAD C:/ST/STM32CubeIDE_1.13.0/STM32CubeIDE/plugins/com.st.stm32cube.ide.mcu.externaltools.gnu-tools-for-stm32.11.3.rel1.win32_1.1.0.202305231506/tools/bin/../lib/gcc/arm-none-eabi/11.3.1/../../../../arm-none-eabi/lib/thumb/v7e-m+fp/hard\libm.a
LOAD C:/ST/STM32CubeIDE_1.13.0/STM32CubeIDE/plugins/com.st.stm32cube.ide.mcu.externaltools.gnu-tools-for-stm32.11.3.rel1.win32_1.1.0.202305231506/tools/bin/../lib/gcc/arm-none-eabi/11.3.1/thumb/v7e-m+fp/hard\libgcc.a

.comment        0x0000000000000000       0x43
 .comment       0x0000000000000000       0x43 C:/ST/STM32CubeIDE_1.13.0/STM32CubeIDE/plugins/com.st.stm32cube.ide.mcu.externaltools.gnu-tools-for-stm32.11.3.rel1.win32_1.1.0.202305231506/tools/bin/../lib/gcc/arm-none-eabi/11.3.1/thumb/v7e-m+fp/hard/crtbegin.o
                                         0x44 (size before relaxing)
 .comment       0x0000000000000043       0x44 ./Core/Src/gpio.o
 .comment       0x0000000000000043       0x44 ./Core/Src/main.o
 .comment       0x0000000000000043       0x44 ./Core/Src/stm32f4xx_hal_msp.o
 .comment       0x0000000000000043       0x44 ./Core/Src/stm32f4xx_hal_timebase_tim.o
 .comment       0x0000000000000043       0x44 ./Core/Src/stm32f4xx_it.o
 .comment       0x0000000000000043       0x44 ./Core/Src/system_stm32f4xx.o
 .comment       0x0000000000000043       0x44 ./Core/Src/tim.o
 .comment       0x0000000000000043       0x44 ./Core/Src/usart.o
 .comment       0x0000000000000043       0x44 ./Drivers/STM32F4xx_HAL_Driver/stm32f4xx_hal.o
 .comment       0x0000000000000043       0x44 ./Drivers/STM32F4xx_HAL_Driver/stm32f4xx_hal_cortex.o
 .comment       0x0000000000000043       0x44 ./Drivers/STM32F4xx_HAL_Driver/stm32f4xx_hal_dma.o
 .comment       0x0000000000000043       0x44 ./Drivers/STM32F4xx_HAL_Driver/stm32f4xx_hal_gpio.o
 .comment       0x0000000000000043       0x44 ./Drivers/STM32F4xx_HAL_Driver/stm32f4xx_hal_rcc.o
 .comment       0x0000000000000043       0x44 ./Drivers/STM32F4xx_HAL_Driver/stm32f4xx_hal_rcc_ex.o
 .comment       0x0000000000000043       0x44 ./Drivers/STM32F4xx_HAL_Driver/stm32f4xx_hal_tim.o
 .comment       0x0000000000000043       0x44 ./Drivers/STM32F4xx_HAL_Driver/stm32f4xx_hal_tim_ex.o
 .comment       0x0000000000000043       0x44 ./Drivers/STM32F4xx_HAL_Driver/stm32f4xx_hal_uart.o
 .comment       0x0000000000000043       0x44 ./ThirdParty/FreeRTOS/list.o
 .comment       0x0000000000000043       0x44 ./ThirdParty/FreeRTOS/queue.o
 .comment       0x0000000000000043       0x44 ./ThirdParty/FreeRTOS/tasks.o
 .comment       0x0000000000000043       0x44 ./ThirdParty/FreeRTOS/timers.o
 .comment       0x0000000000000043       0x44 ./ThirdParty/FreeRTOS/portable/GCC/ARM_CM4F/port.o
 .comment       0x0000000000000043       0x44 ./ThirdParty/FreeRTOS/portable/MemMang/heap_4.o

.debug_info     0x0000000000000000    0x14faa
 .debug_info    0x0000000000000000      0x439 ./Core/Src/gpio.o
 .debug_info    0x0000000000000439     0x13e3 ./Core/Src/main.o
 .debug_info    0x000000000000181c      0x299 ./Core/Src/stm32f4xx_hal_msp.o
 .debug_info    0x0000000000001ab5      0xc36 ./Core/Src/stm32f4xx_hal_timebase_tim.o
 .debug_info    0x00000000000026eb      0x950 ./Core/Src/stm32f4xx_it.o
 .debug_info    0x000000000000303b      0x54a ./Core/Src/system_stm32f4xx.o
 .debug_info    0x0000000000003585      0xfe5 ./Core/Src/tim.o
 .debug_info    0x000000000000456a      0xc15 ./Core/Src/usart.o
 .debug_info    0x000000000000517f       0x23 ./Core/Startup/startup_stm32f446retx.o
 .debug_info    0x00000000000051a2      0x99e ./Drivers/STM32F4xx_HAL_Driver/stm32f4xx_hal.o
 .debug_info    0x0000000000005b40      0xd64 ./Drivers/STM32F4xx_HAL_Driver/stm32f4xx_hal_cortex.o
 .debug_info    0x00000000000068a4      0x8e7 ./Drivers/STM32F4xx_HAL_Driver/stm32f4xx_hal_dma.o
 .debug_info    0x000000000000718b      0x70b ./Drivers/STM32F4xx_HAL_Driver/stm32f4xx_hal_gpio.o
 .debug_info    0x0000000000007896      0x8ed ./Drivers/STM32F4xx_HAL_Driver/stm32f4xx_hal_rcc.o
 .debug_info    0x0000000000008183      0x956 ./Drivers/STM32F4xx_HAL_Driver/stm32f4xx_hal_rcc_ex.o
 .debug_info    0x0000000000008ad9     0x2948 ./Drivers/STM32F4xx_HAL_Driver/stm32f4xx_hal_tim.o
 .debug_info    0x000000000000b421     0x14ae ./Drivers/STM32F4xx_HAL_Driver/stm32f4xx_hal_tim_ex.o
 .debug_info    0x000000000000c8cf     0x2fb8 ./Drivers/STM32F4xx_HAL_Driver/stm32f4xx_hal_uart.o
 .debug_info    0x000000000000f887      0x2af ./ThirdParty/FreeRTOS/list.o
 .debug_info    0x000000000000fb36     0x184f ./ThirdParty/FreeRTOS/queue.o
 .debug_info    0x0000000000011385     0x2401 ./ThirdParty/FreeRTOS/tasks.o
 .debug_info    0x0000000000013786      0xe20 ./ThirdParty/FreeRTOS/timers.o
 .debug_info    0x00000000000145a6      0x4e1 ./ThirdParty/FreeRTOS/portable/GCC/ARM_CM4F/port.o
 .debug_info    0x0000000000014a87      0x523 ./ThirdParty/FreeRTOS/portable/MemMang/heap_4.o

.debug_abbrev   0x0000000000000000     0x335f
 .debug_abbrev  0x0000000000000000      0x152 ./Core/Src/gpio.o
 .debug_abbrev  0x0000000000000152      0x309 ./Core/Src/main.o
 .debug_abbrev  0x000000000000045b       0xd8 ./Core/Src/stm32f4xx_hal_msp.o
 .debug_abbrev  0x0000000000000533      0x1f4 ./Core/Src/stm32f4xx_hal_timebase_tim.o
 .debug_abbrev  0x0000000000000727      0x189 ./Core/Src/stm32f4xx_it.o
 .debug_abbrev  0x00000000000008b0      0x11a ./Core/Src/system_stm32f4xx.o
 .debug_abbrev  0x00000000000009ca      0x227 ./Core/Src/tim.o
 .debug_abbrev  0x0000000000000bf1      0x21e ./Core/Src/usart.o
 .debug_abbrev  0x0000000000000e0f       0x12 ./Core/Startup/startup_stm32f446retx.o
 .debug_abbrev  0x0000000000000e21      0x213 ./Drivers/STM32F4xx_HAL_Driver/stm32f4xx_hal.o
 .debug_abbrev  0x0000000000001034      0x327 ./Drivers/STM32F4xx_HAL_Driver/stm32f4xx_hal_cortex.o
 .debug_abbrev  0x000000000000135b      0x264 ./Drivers/STM32F4xx_HAL_Driver/stm32f4xx_hal_dma.o
 .debug_abbrev  0x00000000000015bf      0x1d4 ./Drivers/STM32F4xx_HAL_Driver/stm32f4xx_hal_gpio.o
 .debug_abbrev  0x0000000000001793      0x2b6 ./Drivers/STM32F4xx_HAL_Driver/stm32f4xx_hal_rcc.o
 .debug_abbrev  0x0000000000001a49      0x20a ./Drivers/STM32F4xx_HAL_Driver/stm32f4xx_hal_rcc_ex.o
 .debug_abbrev  0x0000000000001c53      0x271 ./Drivers/STM32F4xx_HAL_Driver/stm32f4xx_hal_tim.o
 .debug_abbrev  0x0000000000001ec4      0x27c ./Drivers/STM32F4xx_HAL_Driver/stm32f4xx_hal_tim_ex.o
 .debug_abbrev  0x0000000000002140      0x30e ./Drivers/STM32F4xx_HAL_Driver/stm32f4xx_hal_uart.o
 .debug_abbrev  0x000000000000244e       0xf5 ./ThirdParty/FreeRTOS/list.o
 .debug_abbrev  0x0000000000002543      0x323 ./ThirdParty/FreeRTOS/queue.o
 .debug_abbrev  0x0000000000002866      0x37e ./ThirdParty/FreeRTOS/tasks.o
 .debug_abbrev  0x0000000000002be4      0x2cb ./ThirdParty/FreeRTOS/timers.o
 .debug_abbrev  0x0000000000002eaf      0x25a ./ThirdParty/FreeRTOS/portable/GCC/ARM_CM4F/port.o
 .debug_abbrev  0x0000000000003109      0x256 ./ThirdParty/FreeRTOS/portable/MemMang/heap_4.o

.debug_aranges  0x0000000000000000     0x1250
 .debug_aranges
                0x0000000000000000       0x20 ./Core/Src/gpio.o
 .debug_aranges
                0x0000000000000020       0x60 ./Core/Src/main.o
 .debug_aranges
                0x0000000000000080       0x20 ./Core/Src/stm32f4xx_hal_msp.o
 .debug_aranges
                0x00000000000000a0       0x30 ./Core/Src/stm32f4xx_hal_timebase_tim.o
 .debug_aranges
                0x00000000000000d0       0x60 ./Core/Src/stm32f4xx_it.o
 .debug_aranges
                0x0000000000000130       0x28 ./Core/Src/system_stm32f4xx.o
 .debug_aranges
                0x0000000000000158       0x40 ./Core/Src/tim.o
 .debug_aranges
                0x0000000000000198       0x38 ./Core/Src/usart.o
 .debug_aranges
                0x00000000000001d0       0x28 ./Core/Startup/startup_stm32f446retx.o
 .debug_aranges
                0x00000000000001f8       0xf0 ./Drivers/STM32F4xx_HAL_Driver/stm32f4xx_hal.o
 .debug_aranges
                0x00000000000002e8      0x118 ./Drivers/STM32F4xx_HAL_Driver/stm32f4xx_hal_cortex.o
 .debug_aranges
                0x0000000000000400       0x90 ./Drivers/STM32F4xx_HAL_Driver/stm32f4xx_hal_dma.o
 .debug_aranges
                0x0000000000000490       0x58 ./Drivers/STM32F4xx_HAL_Driver/stm32f4xx_hal_gpio.o
 .debug_aranges
                0x00000000000004e8       0x88 ./Drivers/STM32F4xx_HAL_Driver/stm32f4xx_hal_rcc.o
 .debug_aranges
                0x0000000000000570       0x78 ./Drivers/STM32F4xx_HAL_Driver/stm32f4xx_hal_rcc_ex.o
 .debug_aranges
                0x00000000000005e8      0x3d0 ./Drivers/STM32F4xx_HAL_Driver/stm32f4xx_hal_tim.o
 .debug_aranges
                0x00000000000009b8      0x168 ./Drivers/STM32F4xx_HAL_Driver/stm32f4xx_hal_tim_ex.o
 .debug_aranges
                0x0000000000000b20      0x200 ./Drivers/STM32F4xx_HAL_Driver/stm32f4xx_hal_uart.o
 .debug_aranges
                0x0000000000000d20       0x40 ./ThirdParty/FreeRTOS/list.o
 .debug_aranges
                0x0000000000000d60      0x130 ./ThirdParty/FreeRTOS/queue.o
 .debug_aranges
                0x0000000000000e90      0x1f8 ./ThirdParty/FreeRTOS/tasks.o
 .debug_aranges
                0x0000000000001088       0xe8 ./ThirdParty/FreeRTOS/timers.o
 .debug_aranges
                0x0000000000001170       0x80 ./ThirdParty/FreeRTOS/portable/GCC/ARM_CM4F/port.o
 .debug_aranges
                0x00000000000011f0       0x60 ./ThirdParty/FreeRTOS/portable/MemMang/heap_4.o

.debug_rnglists
                0x0000000000000000      0xe3f
 .debug_rnglists
                0x0000000000000000       0x14 ./Core/Src/gpio.o
 .debug_rnglists
                0x0000000000000014       0x49 ./Core/Src/main.o
 .debug_rnglists
                0x000000000000005d       0x13 ./Core/Src/stm32f4xx_hal_msp.o
 .debug_rnglists
                0x0000000000000070       0x20 ./Core/Src/stm32f4xx_hal_timebase_tim.o
 .debug_rnglists
                0x0000000000000090       0x43 ./Core/Src/stm32f4xx_it.o
 .debug_rnglists
                0x00000000000000d3       0x1a ./Core/Src/system_stm32f4xx.o
 .debug_rnglists
                0x00000000000000ed       0x2f ./Core/Src/tim.o
 .debug_rnglists
                0x000000000000011c       0x26 ./Core/Src/usart.o
 .debug_rnglists
                0x0000000000000142       0x19 ./Core/Startup/startup_stm32f446retx.o
 .debug_rnglists
                0x000000000000015b       0xaf ./Drivers/STM32F4xx_HAL_Driver/stm32f4xx_hal.o
 .debug_rnglists
                0x000000000000020a       0xce ./Drivers/STM32F4xx_HAL_Driver/stm32f4xx_hal_cortex.o
 .debug_rnglists
                0x00000000000002d8       0x70 ./Drivers/STM32F4xx_HAL_Driver/stm32f4xx_hal_dma.o
 .debug_rnglists
                0x0000000000000348       0x3f ./Drivers/STM32F4xx_HAL_Driver/stm32f4xx_hal_gpio.o
 .debug_rnglists
                0x0000000000000387       0x66 ./Drivers/STM32F4xx_HAL_Driver/stm32f4xx_hal_rcc.o
 .debug_rnglists
                0x00000000000003ed       0x5e ./Drivers/STM32F4xx_HAL_Driver/stm32f4xx_hal_rcc_ex.o
 .debug_rnglists
                0x000000000000044b      0x31a ./Drivers/STM32F4xx_HAL_Driver/stm32f4xx_hal_tim.o
 .debug_rnglists
                0x0000000000000765      0x125 ./Drivers/STM32F4xx_HAL_Driver/stm32f4xx_hal_tim_ex.o
 .debug_rnglists
                0x000000000000088a      0x1b7 ./Drivers/STM32F4xx_HAL_Driver/stm32f4xx_hal_uart.o
 .debug_rnglists
                0x0000000000000a41       0x2b ./ThirdParty/FreeRTOS/list.o
 .debug_rnglists
                0x0000000000000a6c       0xec ./ThirdParty/FreeRTOS/queue.o
 .debug_rnglists
                0x0000000000000b58      0x195 ./ThirdParty/FreeRTOS/tasks.o
 .debug_rnglists
                0x0000000000000ced       0xad ./ThirdParty/FreeRTOS/timers.o
 .debug_rnglists
                0x0000000000000d9a       0x5d ./ThirdParty/FreeRTOS/portable/GCC/ARM_CM4F/port.o
 .debug_rnglists
                0x0000000000000df7       0x48 ./ThirdParty/FreeRTOS/portable/MemMang/heap_4.o

.debug_macro    0x0000000000000000    0x23179
 .debug_macro   0x0000000000000000      0x1e7 ./Core/Src/gpio.o
 .debug_macro   0x00000000000001e7      0xaa8 ./Core/Src/gpio.o
 .debug_macro   0x0000000000000c8f      0x29b ./Core/Src/gpio.o
 .debug_macro   0x0000000000000f2a       0x2e ./Core/Src/gpio.o
 .debug_macro   0x0000000000000f58       0x28 ./Core/Src/gpio.o
 .debug_macro   0x0000000000000f80       0x22 ./Core/Src/gpio.o
 .debug_macro   0x0000000000000fa2       0x8e ./Core/Src/gpio.o
 .debug_macro   0x0000000000001030       0x51 ./Core/Src/gpio.o
 .debug_macro   0x0000000000001081      0x103 ./Core/Src/gpio.o
 .debug_macro   0x0000000000001184       0x6a ./Core/Src/gpio.o
 .debug_macro   0x00000000000011ee      0x1df ./Core/Src/gpio.o
 .debug_macro   0x00000000000013cd       0x1c ./Core/Src/gpio.o
 .debug_macro   0x00000000000013e9       0x22 ./Core/Src/gpio.o
 .debug_macro   0x000000000000140b       0xd9 ./Core/Src/gpio.o
 .debug_macro   0x00000000000014e4     0x102d ./Core/Src/gpio.o
 .debug_macro   0x0000000000002511      0x11f ./Core/Src/gpio.o
 .debug_macro   0x0000000000002630    0x16749 ./Core/Src/gpio.o
 .debug_macro   0x0000000000018d79       0x6d ./Core/Src/gpio.o
 .debug_macro   0x0000000000018de6     0x367e ./Core/Src/gpio.o
 .debug_macro   0x000000000001c464      0x174 ./Core/Src/gpio.o
 .debug_macro   0x000000000001c5d8       0x5c ./Core/Src/gpio.o
 .debug_macro   0x000000000001c634      0xc90 ./Core/Src/gpio.o
 .debug_macro   0x000000000001d2c4      0x9fe ./Core/Src/gpio.o
 .debug_macro   0x000000000001dcc2      0x115 ./Core/Src/gpio.o
 .debug_macro   0x000000000001ddd7      0x1a0 ./Core/Src/gpio.o
 .debug_macro   0x000000000001df77       0xa5 ./Core/Src/gpio.o
 .debug_macro   0x000000000001e01c      0x16d ./Core/Src/gpio.o
 .debug_macro   0x000000000001e189      0x287 ./Core/Src/gpio.o
 .debug_macro   0x000000000001e410       0x5f ./Core/Src/gpio.o
 .debug_macro   0x000000000001e46f      0x236 ./Core/Src/gpio.o
 .debug_macro   0x000000000001e6a5      0x132 ./Core/Src/gpio.o
 .debug_macro   0x000000000001e7d7      0x29c ./Core/Src/gpio.o
 .debug_macro   0x000000000001ea73       0x2e ./Core/Src/gpio.o
 .debug_macro   0x000000000001eaa1      0x11a ./Core/Src/gpio.o
 .debug_macro   0x000000000001ebbb       0xe8 ./Core/Src/gpio.o
 .debug_macro   0x000000000001eca3       0x89 ./Core/Src/gpio.o
 .debug_macro   0x000000000001ed2c      0x8e6 ./Core/Src/gpio.o
 .debug_macro   0x000000000001f612       0x4d ./Core/Src/gpio.o
 .debug_macro   0x000000000001f65f      0x295 ./Core/Src/gpio.o
 .debug_macro   0x000000000001f8f4      0x126 ./Core/Src/gpio.o
 .debug_macro   0x000000000001fa1a       0x58 ./Core/Src/gpio.o
 .debug_macro   0x000000000001fa72      0x29b ./Core/Src/main.o
 .debug_macro   0x000000000001fd0d       0xfa ./Core/Src/main.o
 .debug_macro   0x000000000001fe07      0x15a ./Core/Src/main.o
 .debug_macro   0x000000000001ff61       0xea ./Core/Src/main.o
 .debug_macro   0x000000000002004b       0x28 ./Core/Src/main.o
 .debug_macro   0x0000000000020073       0x1f ./Core/Src/main.o
 .debug_macro   0x0000000000020092       0x12 ./Core/Src/main.o
 .debug_macro   0x00000000000200a4      0x52d ./Core/Src/main.o
 .debug_macro   0x00000000000205d1       0xc3 ./Core/Src/main.o
 .debug_macro   0x0000000000020694      0x120 ./Core/Src/main.o
 .debug_macro   0x00000000000207b4       0x80 ./Core/Src/main.o
 .debug_macro   0x0000000000020834       0x77 ./Core/Src/main.o
 .debug_macro   0x00000000000208ab       0x97 ./Core/Src/main.o
 .debug_macro   0x0000000000020942      0x1dd ./Core/Src/stm32f4xx_hal_msp.o
 .debug_macro   0x0000000000020b1f      0x1ce ./Core/Src/stm32f4xx_hal_timebase_tim.o
 .debug_macro   0x0000000000020ced      0x1e7 ./Core/Src/stm32f4xx_it.o
 .debug_macro   0x0000000000020ed4      0x1ce ./Core/Src/system_stm32f4xx.o
 .debug_macro   0x00000000000210a2      0x1e7 ./Core/Src/tim.o
 .debug_macro   0x0000000000021289      0x1e7 ./Core/Src/usart.o
 .debug_macro   0x0000000000021470      0x22e ./Drivers/STM32F4xx_HAL_Driver/stm32f4xx_hal.o
 .debug_macro   0x000000000002169e      0x1ce ./Drivers/STM32F4xx_HAL_Driver/stm32f4xx_hal_cortex.o
 .debug_macro   0x000000000002186c      0x1d4 ./Drivers/STM32F4xx_HAL_Driver/stm32f4xx_hal_dma.o
 .debug_macro   0x0000000000021a40      0x1d4 ./Drivers/STM32F4xx_HAL_Driver/stm32f4xx_hal_gpio.o
 .debug_macro   0x0000000000021c14      0x1f2 ./Drivers/STM32F4xx_HAL_Driver/stm32f4xx_hal_rcc.o
 .debug_macro   0x0000000000021e06      0x1ce ./Drivers/STM32F4xx_HAL_Driver/stm32f4xx_hal_rcc_ex.o
 .debug_macro   0x0000000000021fd4      0x1cf ./Drivers/STM32F4xx_HAL_Driver/stm32f4xx_hal_tim.o
 .debug_macro   0x00000000000221a3      0x1ce ./Drivers/STM32F4xx_HAL_Driver/stm32f4xx_hal_tim_ex.o
 .debug_macro   0x0000000000022371      0x1cf ./Drivers/STM32F4xx_HAL_Driver/stm32f4xx_hal_uart.o
 .debug_macro   0x0000000000022540      0x198 ./ThirdParty/FreeRTOS/list.o
 .debug_macro   0x00000000000226d8      0x22f ./ThirdParty/FreeRTOS/queue.o
 .debug_macro   0x0000000000022907       0x16 ./ThirdParty/FreeRTOS/queue.o
 .debug_macro   0x000000000002291d       0x20 ./ThirdParty/FreeRTOS/queue.o
 .debug_macro   0x000000000002293d      0x27e ./ThirdParty/FreeRTOS/tasks.o
 .debug_macro   0x0000000000022bbb       0x17 ./ThirdParty/FreeRTOS/tasks.o
 .debug_macro   0x0000000000022bd2      0x1e7 ./ThirdParty/FreeRTOS/timers.o
 .debug_macro   0x0000000000022db9      0x1a7 ./ThirdParty/FreeRTOS/portable/GCC/ARM_CM4F/port.o
 .debug_macro   0x0000000000022f60      0x219 ./ThirdParty/FreeRTOS/portable/MemMang/heap_4.o

.debug_line     0x0000000000000000    0x188ef
 .debug_line    0x0000000000000000      0x86c ./Core/Src/gpio.o
 .debug_line    0x000000000000086c     0x1091 ./Core/Src/main.o
 .debug_line    0x00000000000018fd      0x837 ./Core/Src/stm32f4xx_hal_msp.o
 .debug_line    0x0000000000002134      0x8a4 ./Core/Src/stm32f4xx_hal_timebase_tim.o
 .debug_line    0x00000000000029d8      0x903 ./Core/Src/stm32f4xx_it.o
 .debug_line    0x00000000000032db      0x8b8 ./Core/Src/system_stm32f4xx.o
 .debug_line    0x0000000000003b93      0x9c4 ./Core/Src/tim.o
 .debug_line    0x0000000000004557      0x90d ./Core/Src/usart.o
 .debug_line    0x0000000000004e64       0x7a ./Core/Startup/startup_stm32f446retx.o
 .debug_line    0x0000000000004ede      0xb5a ./Drivers/STM32F4xx_HAL_Driver/stm32f4xx_hal.o
 .debug_line    0x0000000000005a38      0xe09 ./Drivers/STM32F4xx_HAL_Driver/stm32f4xx_hal_cortex.o
 .debug_line    0x0000000000006841     0x10be ./Drivers/STM32F4xx_HAL_Driver/stm32f4xx_hal_dma.o
 .debug_line    0x00000000000078ff      0xcba ./Drivers/STM32F4xx_HAL_Driver/stm32f4xx_hal_gpio.o
 .debug_line    0x00000000000085b9      0xedf ./Drivers/STM32F4xx_HAL_Driver/stm32f4xx_hal_rcc.o
 .debug_line    0x0000000000009498     0x1578 ./Drivers/STM32F4xx_HAL_Driver/stm32f4xx_hal_rcc_ex.o
 .debug_line    0x000000000000aa10     0x3846 ./Drivers/STM32F4xx_HAL_Driver/stm32f4xx_hal_tim.o
 .debug_line    0x000000000000e256     0x1b57 ./Drivers/STM32F4xx_HAL_Driver/stm32f4xx_hal_tim_ex.o
 .debug_line    0x000000000000fdad     0x2bfc ./Drivers/STM32F4xx_HAL_Driver/stm32f4xx_hal_uart.o
 .debug_line    0x00000000000129a9      0x83f ./ThirdParty/FreeRTOS/list.o
 .debug_line    0x00000000000131e8     0x174b ./ThirdParty/FreeRTOS/queue.o
 .debug_line    0x0000000000014933     0x1e85 ./ThirdParty/FreeRTOS/tasks.o
 .debug_line    0x00000000000167b8      0xd5f ./ThirdParty/FreeRTOS/timers.o
 .debug_line    0x0000000000017517      0x918 ./ThirdParty/FreeRTOS/portable/GCC/ARM_CM4F/port.o
 .debug_line    0x0000000000017e2f      0xac0 ./ThirdParty/FreeRTOS/portable/MemMang/heap_4.o

.debug_str      0x0000000000000000    0xd9d6b
 .debug_str     0x0000000000000000    0xc9080 ./Core/Src/gpio.o
                                      0xc931e (size before relaxing)
 .debug_str     0x00000000000c9080     0x70f9 ./Core/Src/main.o
                                      0xd04ff (size before relaxing)
 .debug_str     0x00000000000d0179       0x2c ./Core/Src/stm32f4xx_hal_msp.o
                                      0xc9253 (size before relaxing)
 .debug_str     0x00000000000d01a5      0x62b ./Core/Src/stm32f4xx_hal_timebase_tim.o
                                      0xc9d05 (size before relaxing)
 .debug_str     0x00000000000d07d0       0xf4 ./Core/Src/stm32f4xx_it.o
                                      0xc9922 (size before relaxing)
 .debug_str     0x00000000000d08c4       0xdb ./Core/Src/system_stm32f4xx.o
                                      0xc91dd (size before relaxing)
 .debug_str     0x00000000000d099f      0x24e ./Core/Src/tim.o
                                      0xca048 (size before relaxing)
 .debug_str     0x00000000000d0bed       0x58 ./Core/Src/usart.o
                                      0xc9d43 (size before relaxing)
 .debug_str     0x00000000000d0c45       0x34 ./Core/Startup/startup_stm32f446retx.o
                                         0x87 (size before relaxing)
 .debug_str     0x00000000000d0c79      0x60f ./Drivers/STM32F4xx_HAL_Driver/stm32f4xx_hal.o
                                      0xc9dde (size before relaxing)
 .debug_str     0x00000000000d1288      0x358 ./Drivers/STM32F4xx_HAL_Driver/stm32f4xx_hal_cortex.o
                                      0xc9aec (size before relaxing)
 .debug_str     0x00000000000d15e0      0x35f ./Drivers/STM32F4xx_HAL_Driver/stm32f4xx_hal_dma.o
                                      0xc960e (size before relaxing)
 .debug_str     0x00000000000d193f      0x139 ./Drivers/STM32F4xx_HAL_Driver/stm32f4xx_hal_gpio.o
                                      0xc9394 (size before relaxing)
 .debug_str     0x00000000000d1a78      0x239 ./Drivers/STM32F4xx_HAL_Driver/stm32f4xx_hal_rcc.o
                                      0xc9652 (size before relaxing)
 .debug_str     0x00000000000d1cb1      0x360 ./Drivers/STM32F4xx_HAL_Driver/stm32f4xx_hal_rcc_ex.o
                                      0xc9685 (size before relaxing)
 .debug_str     0x00000000000d2011      0xcd0 ./Drivers/STM32F4xx_HAL_Driver/stm32f4xx_hal_tim.o
                                      0xca56e (size before relaxing)
 .debug_str     0x00000000000d2ce1      0x4cf ./Drivers/STM32F4xx_HAL_Driver/stm32f4xx_hal_tim_ex.o
                                      0xc9d8a (size before relaxing)
 .debug_str     0x00000000000d31b0      0x5f9 ./Drivers/STM32F4xx_HAL_Driver/stm32f4xx_hal_uart.o
                                      0xc9bc7 (size before relaxing)
 .debug_str     0x00000000000d37a9     0x3330 ./ThirdParty/FreeRTOS/list.o
                                       0xb0e5 (size before relaxing)
 .debug_str     0x00000000000d6ad9      0xcae ./ThirdParty/FreeRTOS/queue.o
                                       0xd7e4 (size before relaxing)
 .debug_str     0x00000000000d7787     0x12f3 ./ThirdParty/FreeRTOS/tasks.o
                                       0xe1f6 (size before relaxing)
 .debug_str     0x00000000000d8a7a      0x544 ./ThirdParty/FreeRTOS/timers.o
                                       0xd964 (size before relaxing)
 .debug_str     0x00000000000d8fbe      0x7d6 ./ThirdParty/FreeRTOS/portable/GCC/ARM_CM4F/port.o
                                       0x992c (size before relaxing)
 .debug_str     0x00000000000d9794      0x5d7 ./ThirdParty/FreeRTOS/portable/MemMang/heap_4.o
                                       0xc90f (size before relaxing)

.debug_frame    0x0000000000000000     0x4cd0
 .debug_frame   0x0000000000000000       0x34 ./Core/Src/gpio.o
 .debug_frame   0x0000000000000034      0x138 ./Core/Src/main.o
 .debug_frame   0x000000000000016c       0x38 ./Core/Src/stm32f4xx_hal_msp.o
 .debug_frame   0x00000000000001a4       0x74 ./Core/Src/stm32f4xx_hal_timebase_tim.o
 .debug_frame   0x0000000000000218       0xfc ./Core/Src/stm32f4xx_it.o
 .debug_frame   0x0000000000000314       0x58 ./Core/Src/system_stm32f4xx.o
 .debug_frame   0x000000000000036c       0xc4 ./Core/Src/tim.o
 .debug_frame   0x0000000000000430       0x90 ./Core/Src/usart.o
 .debug_frame   0x00000000000004c0      0x374 ./Drivers/STM32F4xx_HAL_Driver/stm32f4xx_hal.o
 .debug_frame   0x0000000000000834      0x498 ./Drivers/STM32F4xx_HAL_Driver/stm32f4xx_hal_cortex.o
 .debug_frame   0x0000000000000ccc      0x250 ./Drivers/STM32F4xx_HAL_Driver/stm32f4xx_hal_dma.o
 .debug_frame   0x0000000000000f1c      0x14c ./Drivers/STM32F4xx_HAL_Driver/stm32f4xx_hal_gpio.o
 .debug_frame   0x0000000000001068      0x1f4 ./Drivers/STM32F4xx_HAL_Driver/stm32f4xx_hal_rcc.o
 .debug_frame   0x000000000000125c      0x1e8 ./Drivers/STM32F4xx_HAL_Driver/stm32f4xx_hal_rcc_ex.o
 .debug_frame   0x0000000000001444     0x11c4 ./Drivers/STM32F4xx_HAL_Driver/stm32f4xx_hal_tim.o
 .debug_frame   0x0000000000002608      0x638 ./Drivers/STM32F4xx_HAL_Driver/stm32f4xx_hal_tim_ex.o
 .debug_frame   0x0000000000002c40      0x92c ./Drivers/STM32F4xx_HAL_Driver/stm32f4xx_hal_uart.o
 .debug_frame   0x000000000000356c       0xd8 ./ThirdParty/FreeRTOS/list.o
 .debug_frame   0x0000000000003644      0x530 ./ThirdParty/FreeRTOS/queue.o
 .debug_frame   0x0000000000003b74      0x8a8 ./ThirdParty/FreeRTOS/tasks.o
 .debug_frame   0x000000000000441c      0x3c8 ./ThirdParty/FreeRTOS/timers.o
 .debug_frame   0x00000000000047e4      0x1a8 ./ThirdParty/FreeRTOS/portable/GCC/ARM_CM4F/port.o
 .debug_frame   0x000000000000498c      0x150 ./ThirdParty/FreeRTOS/portable/MemMang/heap_4.o
 .debug_frame   0x0000000000004adc       0x20 C:/ST/STM32CubeIDE_1.13.0/STM32CubeIDE/plugins/com.st.stm32cube.ide.mcu.externaltools.gnu-tools-for-stm32.11.3.rel1.win32_1.1.0.202305231506/tools/bin/../lib/gcc/arm-none-eabi/11.3.1/../../../../arm-none-eabi/lib/thumb/v7e-m+fp/hard\libc_nano.a(libc_a-memset.o)